# glref run: impl=ours name=stencilwrap frame=3 display=:90
# cmd: /src/gl/ref-apps/build/mesa-demos/src/tests/stencilwrap -geometry 320x240+0+0
# libGL.so.1 resolves to:
#   	libglut.so.3 => /src/gl/ref-apps/prefix/lib/libglut.so.3 (0x0000f0177e830000)
#   	libGL.so.1 => /src/gl/out-host/libGL.so.1 (0x0000f0177e400000)
libGL: context 1 created (pid 797, comm stencilwrap)
GL_RENDERER = Software Rasterizer
GL_VERSION = 1.1 s31-tinygl
Testing GL_KEEP...
OK!
Testing GL_ZERO...
OK!
Testing GL_REPLACE...
OK!
Testing GL_INCR...
OK!
Testing GL_DECR...
OK!
Testing GL_INVERT...
OK!
Testing GL_INCR_WRAP_EXT...
OK!
Testing GL_DECR_WRAP_EXT...
OK!
glref: stalled at swap 1 -> /src/artifacts/gl/phase4/final-p4apps/ours/stencilwrap.f3
