# glref run: impl=mesa name=mesa-full frame=700 display=:90
# cmd: /src/artifacts/gl/glquake/host/quakespasm -basedir /src/artifacts/gl/glquake/host -width 320 -height 240 -window -nosound -nocdaudio
# libGL.so.1 resolves to:
#   	libGL.so.1 => /lib/aarch64-linux-gnu/libGL.so.1 (0x0000edc28b9c0000)
#   	libGLdispatch.so.0 => /lib/aarch64-linux-gnu/libGLdispatch.so.0 (0x0000edc28b570000)
#   	libGLX.so.0 => /lib/aarch64-linux-gnu/libGLX.so.0 (0x0000edc28b510000)
Command line: /src/artifacts/gl/glquake/host/quakespasm -basedir /src/artifacts/gl/glquake/host -width 320 -height 240 -window -nosound -nocdaudio
Found SDL version 1.2.68
Terminal input not available.
Detected 8 CPUs.
Initializing QuakeSpasm v0.96.3
Host_Init
Playing shareware version.
Console initialized.
UDP Initialized
Server using protocol 666 (FitzQuake)
Exe: 09:44:21 Sep 26 2026
256.0 megabyte heap
Video mode 320x240x16 60Hz (24-bit z-buffer, 0x FSAA) initialized
GL_VENDOR: Mesa
GL_RENDERER: llvmpipe (LLVM 19.1.7, 128 bits)
GL_VERSION: 4.5 (Compatibility Profile) Mesa 25.0.7-2+deb13u1
FOUND: ARB_vertex_buffer_object
FOUND: ARB_multitexture
GL_MAX_TEXTURE_UNITS: 8
FOUND: ARB_texture_env_combine
FOUND: ARB_texture_env_add
FOUND: SDL_GL_SWAP_CONTROL
FOUND: EXT_texture_filter_anisotropic
FOUND: ARB_texture_non_power_of_two
FOUND: GLSL
Enabled: GLSL gamma
Enabled: GLSL alias model rendering
Enabled: EXT_packed_pixels
FOUND: glGenerateMipmap

Language initialization
Couldn't load 'localization/loc_english.txt'
from '/src/artifacts/gl/glquake/host'

========= Quake Initialized =========

execing quake.rc
execing default.cfg
execing config.cfg
execing autoexec.cfg
Playing demo from demo1.dem.
3 demo(s) in loop


the Necropolis
Using protocol 15
You got the shells
You got the Grenade Launcher
You receive 25 health
You get 2 rockets  
You got the rockets
You got the nailgun
You got the nails
You got the nails
You receive 15 health
You receive 15 health
You got the rockets
You get 2 rockets  
You got the nails
You got the nails
You receive 25 health
glref: ok at swap 700 -> /src/artifacts/gl/glquake/dark/mesa/mesa-full.f700
