# glref run: impl=mesa name=review frame=2 display=:90
# cmd: /src/artifacts/gl/phase5/review-spec/out/glx_review
# libGL.so.1 resolves to:
#   	libGL.so.1 => /lib/aarch64-linux-gnu/libGL.so.1 (0x0000f1e02e2d0000)
#   	libGLdispatch.so.0 => /lib/aarch64-linux-gnu/libGLdispatch.so.0 (0x0000f1e02de10000)
#   	libGLX.so.0 => /lib/aarch64-linux-gnu/libGLX.so.0 (0x0000f1e02ddb0000)
info ext GL_ARB_multisample GL_EXT_abgr GL_EXT_bgra GL_EXT_blend_color GL_EXT_blend_minmax GL_EXT_blend_subtract GL_EXT_copy_texture GL_EXT_subtexture GL_EXT_texture_object GL_EXT_vertex_array GL_EXT_compiled_vertex_array GL_EXT_texture GL_EXT_texture3D GL_IBM_rasterpos_clip GL_ARB_point_parameters GL_EXT_draw_range_elements GL_EXT_packed_pixels GL_EXT_point_parameters GL_EXT_rescale_normal GL_EXT_separate_specular_color GL_EXT_texture_edge_clamp GL_SGIS_generate_mipmap GL_SGIS_texture_border_clamp GL_SGIS_texture_edge_clamp GL_SGIS_texture_lod GL_ARB_framebuffer_sRGB GL_ARB_multitexture GL_EXT_framebuffer_sRGB GL_IBM_multimode_draw_arrays GL_IBM_texture_mirrored_repeat GL_3DFX_texture_compression_FXT1 GL_ARB_texture_cube_map GL_ARB_texture_env_add GL_ARB_transpose_matrix GL_EXT_blend_func_separate GL_EXT_fog_coord GL_EXT_multi_draw_arrays GL_EXT_secondary_color GL_EXT_texture_env_add GL_EXT_texture_filter_anisotropic GL_EXT_texture_lod_bias GL_INGR_blend_func_separate GL_NV_blend_square GL_NV_light_max_exponent GL_NV_texgen_reflection GL_NV_texture_env_combine4 GL_S3_s3tc GL_SUN_multi_draw_arrays GL_ARB_texture_border_clamp GL_ARB_texture_compression GL_EXT_framebuffer_object GL_EXT_texture_compression_s3tc GL_EXT_texture_env_combine GL_EXT_texture_env_dot3 GL_MESA_window_pos GL_NV_packed_depth_stencil GL_NV_texture_rectangle GL_ARB_depth_texture GL_ARB_occlusion_query GL_ARB_shadow GL_ARB_texture_env_combine GL_ARB_texture_env_crossbar GL_ARB_texture_env_dot3 GL_ARB_texture_mirrored_repeat GL_ARB_window_pos GL_ATI_fragment_shader GL_EXT_stencil_two_side GL_EXT_texture_cube_map GL_NV_copy_depth_to_color GL_NV_depth_clamp GL_NV_fog_distance GL_NV_half_float GL_APPLE_packed_pixels GL_ARB_draw_buffers GL_ARB_fragment_program GL_ARB_fragment_shader GL_ARB_shader_objects GL_ARB_vertex_program GL_ARB_vertex_shader GL_ATI_draw_buffers GL_ATI_texture_env_combine3 GL_ATI_texture_float GL_EXT_shadow_funcs GL_EXT_stencil_wrap GL_MESA_pack_invert GL_NV_primitive_restart GL_ARB_depth_clamp GL_ARB_fragment_program_shadow GL_ARB_half_float_pixel GL_ARB_occlusion_query2 GL_ARB_point_sprite GL_ARB_shading_language_100 GL_ARB_sync GL_ARB_texture_non_power_of_two GL_ARB_vertex_buffer_object GL_ATI_blend_equation_separate GL_EXT_blend_equation_separate GL_OES_read_format GL_ARB_color_buffer_float GL_ARB_pixel_buffer_object GL_ARB_texture_compression_rgtc GL_ARB_texture_float GL_ARB_texture_rectangle GL_ATI_texture_compression_3dc GL_EXT_packed_float GL_EXT_pixel_buffer_object GL_EXT_texture_compression_dxt1 GL_EXT_texture_compression_rgtc GL_EXT_texture_mirror_clamp GL_EXT_texture_rectangle GL_EXT_texture_sRGB GL_EXT_texture_shared_exponent GL_ARB_framebuffer_object GL_EXT_framebuffer_blit GL_EXT_framebuffer_multisample GL_EXT_packed_depth_stencil GL_ARB_vertex_array_object GL_ATI_separate_stencil GL_ATI_texture_mirror_once GL_EXT_draw_buffers2 GL_EXT_draw_instanced GL_EXT_gpu_program_parameters GL_EXT_gpu_shader4 GL_EXT_texture_array GL_EXT_texture_compression_latc GL_EXT_texture_integer GL_EXT_texture_sRGB_decode GL_EXT_timer_query GL_OES_EGL_image GL_EXT_texture_buffer_object GL_AMD_texture_texture4 GL_ARB_copy_buffer GL_ARB_depth_buffer_float GL_ARB_draw_instanced GL_ARB_half_float_vertex GL_ARB_instanced_arrays GL_ARB_map_buffer_range GL_ARB_texture_buffer_object GL_ARB_texture_rg GL_ARB_texture_swizzle GL_ARB_vertex_array_bgra GL_EXT_texture_swizzle GL_EXT_vertex_array_bgra GL_NV_conditional_render GL_AMD_conservative_depth GL_AMD_draw_buffers_blend GL_AMD_seamless_cubemap_per_texture GL_AMD_shader_stencil_export GL_ARB_ES2_compatibility GL_ARB_blend_func_extended GL_ARB_compatibility GL_ARB_debug_output GL_ARB_draw_buffers_blend GL_ARB_draw_elements_base_vertex GL_ARB_explicit_attrib_location GL_ARB_fragment_coord_conventions GL_ARB_provoking_vertex GL_ARB_sample_shading GL_ARB_sampler_objects GL_ARB_seamless_cube_map GL_ARB_shader_stencil_export GL_ARB_shader_texture_lod GL_ARB_tessellation_shader GL_ARB_texture_buffer_object_rgb32 GL_ARB_texture_cube_map_array GL_ARB_texture_gather GL_ARB_texture_multisample GL_ARB_texture_query_lod GL_ARB_texture_rgb10_a2ui GL_ARB_uniform_buffer_object GL_ARB_vertex_type_2_10_10_10_rev GL_ATI_meminfo GL_EXT_provoking_vertex GL_EXT_texture_snorm GL_EXT_texture_storage GL_MESA_texture_signed_rgba GL_NV_copy_image GL_NV_texture_barrier GL_ARB_draw_indirect GL_ARB_get_program_binary GL_ARB_gpu_shader5 GL_ARB_gpu_shader_fp64 GL_ARB_robustness GL_ARB_separate_shader_objects GL_ARB_shader_bit_encoding GL_ARB_shader_precision GL_ARB_shader_subroutine GL_ARB_texture_compression_bptc GL_ARB_timer_query GL_ARB_transform_feedback2 GL_ARB_transform_feedback3 GL_ARB_vertex_attrib_64bit GL_ARB_viewport_array GL_EXT_direct_state_access GL_EXT_vertex_attrib_64bit GL_AMD_multi_draw_indirect GL_ANGLE_texture_compression_dxt3 GL_ANGLE_texture_compression_dxt5 GL_ARB_base_instance GL_ARB_compressed_texture_pixel_storage GL_ARB_conservative_depth GL_ARB_internalformat_query GL_ARB_map_buffer_alignment GL_ARB_shader_atomic_counters GL_ARB_shader_image_load_store GL_ARB_shading_language_420pack GL_ARB_shading_language_packing GL_ARB_texture_storage GL_ARB_transform_feedback_instanced GL_EXT_framebuffer_multisample_blit_scaled GL_EXT_transform_feedback GL_AMD_query_buffer_object GL_AMD_shader_trinary_minmax GL_AMD_vertex_shader_layer GL_AMD_vertex_shader_viewport_index GL_ARB_ES3_compatibility GL_ARB_arrays_of_arrays GL_ARB_clear_buffer_object GL_ARB_compute_shader GL_ARB_copy_image GL_ARB_explicit_uniform_location GL_ARB_fragment_layer_viewport GL_ARB_framebuffer_no_attachments GL_ARB_invalidate_subdata GL_ARB_multi_draw_indirect GL_ARB_program_interface_query GL_ARB_robust_buffer_access_behavior GL_ARB_shader_image_size GL_ARB_shader_storage_buffer_object GL_ARB_stencil_texturing GL_ARB_texture_buffer_range GL_ARB_texture_query_levels GL_ARB_texture_storage_multisample GL_ARB_texture_view GL_ARB_vertex_attrib_binding GL_KHR_debug GL_KHR_robustness GL_KHR_texture_compression_astc_ldr GL_NV_shader_atomic_float GL_AMD_pinned_memory GL_ARB_buffer_storage GL_ARB_clear_texture GL_ARB_enhanced_layouts GL_ARB_indirect_parameters GL_ARB_internalformat_query2 GL_ARB_multi_bind GL_ARB_query_buffer_object GL_ARB_seamless_cubemap_per_texture GL_ARB_shader_draw_parameters GL_ARB_shader_group_vote GL_ARB_shading_language_include GL_ARB_texture_mirror_clamp_to_edge GL_ARB_texture_stencil8 GL_ARB_vertex_type_10f_11f_11f_rev GL_EXT_debug_label GL_EXT_shader_framebuffer_fetch GL_EXT_shader_integer_mix GL_NVX_gpu_memory_info GL_ARB_ES3_1_compatibility GL_ARB_clip_control GL_ARB_conditional_render_inverted GL_ARB_cull_distance GL_ARB_derivative_control GL_ARB_direct_state_access GL_ARB_get_texture_sub_image GL_ARB_pipeline_statistics_query GL_ARB_shader_texture_image_samples GL_ARB_texture_barrier GL_ARB_transform_feedback_overflow_query GL_ARM_shader_framebuffer_fetch_depth_stencil GL_EXT_polygon_offset_clamp GL_EXT_shader_image_load_formatted GL_KHR_blend_equation_advanced GL_KHR_blend_equation_advanced_coherent GL_KHR_context_flush_control GL_KHR_robust_buffer_access_behavior GL_ARB_ES3_2_compatibility GL_ARB_gpu_shader_int64 GL_ARB_parallel_shader_compile GL_ARB_post_depth_coverage GL_ARB_shader_atomic_counter_ops GL_ARB_shader_ballot GL_ARB_shader_clock GL_ARB_shader_viewport_layer_array GL_ARB_texture_filter_minmax GL_EXT_texture_filter_minmax GL_EXT_texture_sRGB_R8 GL_EXT_texture_sRGB_RG8 GL_KHR_no_error GL_KHR_texture_compression_astc_sliced_3d GL_ARB_gl_spirv GL_ARB_spirv_extensions GL_MESA_shader_integer_functions GL_ARB_polygon_offset_clamp GL_ARB_texture_filter_anisotropic GL_EXT_memory_object GL_EXT_memory_object_fd GL_KHR_parallel_shader_compile GL_NV_alpha_to_coverage_dither_control GL_EXT_EGL_image_storage GL_EXT_shader_framebuffer_fetch_non_coherent GL_EXT_texture_shadow_lod GL_INTEL_shader_atomic_float_minmax GL_MESA_framebuffer_flip_y GL_OVR_multiview GL_OVR_multiview2 GL_EXT_EGL_sync GL_EXT_EGL_image_storage_compression GL_NV_ES1_1_compatibility 
info getproc ActiveTextureARB 1 MultiTexCoord2fARB 1 ClientActiveTextureARB 1
read grey getteximage 39 39 39
query grey ifmt 0x1907
query grey lumsize>0 0
query grey redsize>0 1
error grey sub: 0x0
read grey sub red 255 0 0
read grey sub blue 255 0 0
read grey untouched 181 182 181
read grey after sub getteximage 255 0 0 / 183 183 183
read rgba-grey replace 206 203 206
read rgba-grey decal 49 48 247
read rgba-grey blend 8 0 189
read rgba-grey combine srcalpha 255 255 255
read rgba-grey sub a0 66 65 66
read rgba-grey sub a128 33 40 49
read rgba-grey sub keep 206 203 206
read rgba-grey getteximage a 0 64 128 255
read pal before 82 195 16
read pal sub 0 0 255 0
read pal sub 37 148 146 74
read pal sub 63 255 65 123
read pal getteximage 37 148 144 74 255
error mip sub: 0x0
read mip l1 sub 0 0 4 255
read mip l1 sub 5 82 4 173
read mip l1 sub 15 247 4 8
read mip l0 after l1 sub 0 121 57
read mip l0 after l1 sub b 255 8 57
read mip l1 getteximage 5 80 7 175
error copy grey: 0x0
read copy into grey a 255 130 0
read copy into grey b 0 65 255
error copy lum: 0x0
read copy into LUMINANCE a 255 255 255
read copy into LUMINANCE b 0 0 0
error copy pal: 0x0
read copy into pal 255 130 0
read copy into pal keep 33 231 16
error copyteximage lum: 0x0
read copyteximage lum a 255 255 255
read copyteximage lum b 0 0 0
read alpha getteximage 9 0 0 0 36
read alpha getteximage L 9 0
read intensity getteximage 9 36 0 0 255
query intensity size>0 1
error storage: 0x0
query proxy 256 w 256
query proxy 256 ifmt 0x1908
info proxy 512 w 512
info max texture size 16384
error proxy: 0x0
query u1 stack 3
query u0 stack 1
query u0 texmat 1.00 0.00
query u1 texmat 5.00 2.00 3.00
query u1 texmat pop 1.00 2.00 3.00
error u1 stack underflow: 0x504
query matrix mode 0x1702
query texbit pop active 0x84c1
query texbit pop u0 bind 0
query texbit pop u0 mode 0x1e01
query texbit pop u0 combine 0x1e01
query texbit pop u0 scale 1.00
query texbit pop u0 envcolor 0.00 0.00
query texbit pop u0 gen 0x2400
query texbit pop u1 bind 0
query texbit pop u1 mode 0x2100
query texbit pop u1 src1a 0x8578
query texbit pop u1 gen 0x2400
query texbit pop u1 plane 0.00 1.00 0.00 0.00
error texbit: 0x0
query u1 env 0x8571 = 0x2100
query u1 env 0x8572 = 0x2100
query u1 env 0x8580 = 0x1702
query u1 env 0x8581 = 0x8578
query u1 env 0x8582 = 0x8576
query u1 env 0x8588 = 0x1702
query u1 env 0x8589 = 0x8578
query u1 env 0x858a = 0x8576
query u1 env 0x8590 = 0x300
query u1 env 0x8591 = 0x300
query u1 env 0x8592 = 0x302
query u1 env 0x8598 = 0x302
query u1 env 0x8599 = 0x302
query u1 env 0x859a = 0x302
query u1 ascale 1.00
query u1 rgbscale int 1
error alpha operand src_color: 0x500
error rgb scale 3: 0x501
error alpha scale 0.5: 0x501
error combine decal: 0x500
error source zero: 0x0
query u1 rgbscale 2 int 2
query u1 tc1f 0.750 0.000 0.000 1.000
query u0 tc4f 0.500 0.250 0.125 2.000
query u1 tc3sv 3.000 4.000 5.000 1.000
query u1 tc after current pop 3.000 4.000
query u1 bind after delete 0
query u0 tc array size 4 type 0x1406 en 0
query u1 tc array size 3 type 0x1402 en 1
query u1 tc stride 12
query client0 active1 array en 0
query u1 ptr interleaved 1
query u1 size interleaved 2
query u0 ptr after u1 interleaved 0
query u0 en after u1 interleaved 0
error arrays: 0x0
query list compile active 0x84c0
query list compile client 0x84c1
query list call active 0x84c1
query list call client 0x84c0
query list call u1 mode 0xbe2
query list call u1 tc 0.300 0.700
query enable pop active 0x84c0
query enable pop u1 gens 0 1d 0
query enable pop u0 gent 0
error lists: 0x0
read u1 array texmat 0 132 65 132
read u1 array texmat 1 255 130 255
read u1 array texmat 9 255 130 255
read u1 texgen addsigned 0 0 0 132
read u1 texgen addsigned 1 0 0 0
read u1 texgen addsigned 38 255 255 132
read u1 subtract x2 0 0 0 0
read u1 subtract x2 1 0 0 0
read u1 subtract x2 36 255 255 0
read list mod 0 0 0 66
read list mod 1 0 0 132
read list mod 44 132 130 66
error render: 0x0
query getproc core ClientActiveTexture 1 ActiveTexture 1 MultiTexCoord2f 1
error clamp to edge: 0x0
query wrap s 0x812f
read tyr world 0 0 44 0
read tyr world 1 8 44 8
read tyr world 2 41 44 41
read tyr world 3 181 77 181
error tyr: 0x0
info conv L8 rgb grey redsize before 8
info conv L8 rgb grey redsize after 8
query conv L8 rgb grey untouched texels changed 0 of 255 worst 0
info conv L8 rgba grey redsize before 8
info conv L8 rgba grey redsize after 8
query conv L8 rgba grey untouched texels changed 0 of 255 worst 0
info conv P8 rgba 255 colours redsize before 8
info conv P8 rgba 255 colours redsize after 8
query conv P8 rgba 255 colours untouched texels changed 0 of 255 worst 0
query conv P8 257th colour untouched texels changed 0 of 511 worst 0
info conv P8 redsize before 8 after 8
read incomplete u0 0 255 0
read incomplete u1 over u0 255 0 0
query u1 envcolor default 0.00 0.00 0.00 0.00
error active texture 7: 0x0
info active after 7 0x84c7
error incomplete: 0x0
info proxy 512 w 512
info max texture size 16384
info conv L8 rgb grey redsize before 8
info conv L8 rgb grey redsize after 8
info conv L8 rgba grey redsize before 8
info conv L8 rgba grey redsize after 8
info conv P8 rgba 255 colours redsize before 8
info conv P8 rgba 255 colours redsize after 8
info conv P8 redsize before 8 after 8
info active after 7 0x84c7
glref: ok at swap 2 -> /src/artifacts/gl/phase5/review-spec/out/mesa/review.f2
