sh /tmp/r.sh 2>&1 & __rp=$!; ( trap 'kill "$__rs_sleep" 2>/dev/null; wait "$
__rs_sleep" 2>/dev/null; exit' TERM INT; sleep 57 & __rs_sleep=$!; wait "$__rs_s
leep"; kill -0 $__rp 2>/dev/null && { echo RS_TIME"K"ILL; kill -9 $__rp 2>/dev/n
ull; } ) & __rw=$!; wait $__rp 2>/dev/null; kill $__rw 2>/dev/null; wait $__rw 2
>/dev/null; echo RS_DONE
Linux esp32-s31 7.1.10 #378 SMP Fri Sep 25 00:48:48 UTC 2026 riscv32 GNU/Linux
MemAvailable:       2760 kB
SwapFree:          65444 kB
page-cluster 2 poll_bytes 16384 sched [none] mq-deadline kyber bfq 
[   70.471284] mmcblk: sync_swap=0 host_polls=1 -> mmcblk0 BLK_FEAT_SYNCHRONOUS=0 (swapoff/swapon to apply)
ARM s0 run 1
VM0 pswpin=23 pswpout=25 allocstall_normal=3 pgmajfault=262 swap_ra=5 swap_ra_hit=0 
PAGES 768 resident_after_pageout 114 tries 5
MAJ 7414 1166 1691 1132 1132 1132 1112 1120 1748 1155 1148 1136 1221 1116 1623 1164 1142 1203 1131 1139 1133 1580 1133 1260 1107 1144 1116 1562 1175 1104 1138 1120 1121 1127 1693 1447 1191 1144 1685 1245 1133 1138 1229 1162 1107 1597 1134 1166 1134 1131 1122 1586 1151 1282 1138 1121 1129 1491 1264 1101
MAJOR n=60 min 1101 p50 1144 p90 1623 p99 7414 max 7414 mean 1339 us
MINOR n=12 min 101 p50 130 p90 203 p99 499 max 499 mean 165 us
TOUCHED 60 majflt_delta 60 verify_bad 0
VM1 pswpin=83 pswpout=881 allocstall_normal=3 pgmajfault=328 swap_ra=5 swap_ra_hit=0 
SDTRACE_BEGIN
ring n=64 med/p90/max us: prep=55/69/175 i2c=53/62/76 c2d=193/239/5927 d2x=6/11/37 i2bh=65/74/470 x2bh=13/20/40 bh2st=1/2/3 stophw=29/32/42 stop=42/45/64 st2rd=1/1/4 indrv=370/486/6178 rd2po=15/18/101 po2bl=69/88/1287 bl2end=61/80/146 total=516/819/7637 gap=916/1433/41105
since reset n=66 avg us: prep=60 i2c=53 c2d=483 d2x=8 i2bh=79 x2bh=15 bh2st=1 stophw=29 stop=43 st2rd=1 indrv=670 rd2po=18 po2bl=101 bl2end=67 total=859 gap=2121
nirq med 4 max 4 avg_x100 356 nbh med 3 max 4 avg_x100 206
SDTRACE_END
RING_BEGIN
seq op blk RW cpu(sub/bh/blk) nirq nbh | prep i2c c2d d2x i2bh x2bh bh2st stophw stop st2rd indrv rd2po po2bl bl2end total gap  (us, newest first, window 0)
66 18 8 R 0/0/0 4 3 | 74 46 190 7 61 14 1 29 40 1 377 14 73 53 519 116
65 18 120 R 0/0/0 3 3 | 130 47 5354 37 78 32 2 35 61 3 5669 101 283 122 6177 116
64 18 64 R 0/0/0 3 3 | 78 46 2019 31 65 37 2 35 64 3 2285 93 213 103 2695 159
63 18 8 R 0/0/0 3 3 | 45 43 239 11 168 14 2 32 45 1 403 15 73 72 564 147
62 18 32 R 0/0/0 4 3 | 85 44 730 5 51 14 1 31 43 1 927 13 182 23 1147 41105
61 18 8 R 0/0/0 3 4 | 69 50 5927 33 74 29 3 32 59 4 6178 86 1287 85 7637 34584
60 18 8 R 0/0/0 4 3 | 55 52 195 6 65 13 1 28 42 1 369 14 66 60 511 1128
59 18 8 R 0/0/0 3 3 | 56 52 191 6 53 14 2 29 43 1 369 15 69 70 524 1375
58 18 8 R 0/0/0 4 3 | 57 53 196 7 64 14 1 27 40 1 372 14 65 60 511 901
57 18 8 R 0/0/0 3 3 | 55 53 195 6 65 12 1 28 41 1 366 14 66 57 505 897
56 18 8 R 0/0/0 3 3 | 53 53 178 6 65 11 1 30 43 1 350 14 67 60 493 904
55 18 8 R 0/0/0 3 3 | 55 51 193 7 65 10 1 29 41 1 363 15 68 59 506 923
54 18 8 R 0/0/0 4 3 | 175 38 205 6 62 14 2 30 42 1 486 18 73 64 642 908
53 18 8 R 0/0/0 3 3 | 57 53 199 6 66 12 1 30 42 1 374 14 68 58 516 929
52 18 8 R 0/0/0 4 3 | 58 63 175 12 66 23 2 28 43 1 381 15 69 80 547 1299
51 18 8 R 0/0/0 3 3 | 54 51 191 6 65 13 1 30 43 1 363 14 65 56 500 897
50 18 8 R 0/0/0 4 3 | 55 53 196 6 65 13 1 27 41 1 371 14 65 59 510 897
49 18 8 R 0/0/0 3 3 | 53 52 197 6 65 12 1 30 42 1 368 14 65 56 505 901
48 18 8 R 0/0/0 3 3 | 53 55 175 7 56 12 1 32 45 1 351 14 65 59 491 951
47 18 8 R 0/0/0 3 3 | 55 52 199 6 67 11 2 29 42 1 371 14 66 58 511 929
46 18 8 R 0/0/0 4 3 | 83 76 170 6 107 13 2 29 41 1 397 16 72 72 558 1939
45 18 8 R 0/0/0 3 3 | 55 61 167 7 62 11 1 31 44 1 350 14 66 58 489 894
44 18 8 R 0/0/0 3 3 | 57 62 187 6 63 11 2 32 44 1 374 15 70 64 524 1006
43 18 8 R 0/0/0 4 3 | 55 61 183 6 60 13 1 31 43 1 366 14 66 60 508 899
42 18 8 R 0/0/0 4 3 | 57 61 181 7 61 12 1 30 42 1 366 14 65 62 508 907
41 18 8 R 0/0/0 4 3 | 56 51 196 6 64 14 1 28 41 1 370 15 66 58 510 905
40 18 8 R 0/0/0 4 3 | 60 65 183 6 64 13 1 26 41 1 375 16 66 70 529 1269
39 18 8 R 0/0/0 3 2 | 57 70 425 11 470 39 2 42 61 1 670 21 90 79 860 916
38 18 8 R 0/0/0 4 3 | 55 51 193 6 65 13 1 27 40 1 365 15 66 60 508 912
37 18 8 R 0/0/0 4 3 | 56 54 196 7 72 13 2 28 42 1 374 16 72 62 525 1100
36 18 8 R 0/0/0 4 3 | 58 54 195 6 124 17 2 30 43 1 379 19 83 75 557 2903
35 18 8 R 0/0/0 4 3 | 60 50 202 7 69 13 2 26 39 1 378 16 75 75 547 2637
seq op blk RW cpu(sub/bh/blk) nirq nbh | prep i2c c2d d2x i2bh x2bh bh2st stophw stop st2rd indrv rd2po po2bl bl2end total gap  (us, newest first, window 32)
34 18 8 R 0/0/0 3 3 | 54 52 199 6 64 11 1 29 41 1 370 15 68 58 513 893
33 18 8 R 0/0/0 4 3 | 53 53 176 6 63 13 1 27 40 1 348 15 68 62 495 901
32 18 8 R 0/0/0 4 3 | 54 51 190 7 64 13 1 27 39 1 360 15 69 57 502 898
31 18 8 R 0/0/0 4 3 | 55 53 198 7 63 13 1 27 41 1 372 14 67 63 517 895
30 18 8 R 0/0/0 4 3 | 53 52 177 6 64 13 1 28 42 1 348 14 69 58 490 900
29 18 8 R 0/0/0 3 3 | 58 52 198 7 68 11 2 31 43 1 376 15 70 66 529 1101
28 18 8 R 0/0/0 3 2 | 54 53 410 12 456 40 2 42 60 1 635 19 88 75 819 893
27 18 8 R 0/0/0 4 3 | 53 52 197 6 65 13 1 28 41 1 369 15 70 62 517 1132
26 18 8 R 0/0/0 3 3 | 57 52 200 6 65 11 2 30 42 1 375 14 68 57 516 900
25 18 8 R 0/0/0 3 3 | 55 52 184 6 66 12 1 28 40 1 355 14 68 64 502 1138
24 18 8 R 0/0/0 4 3 | 59 41 201 6 57 13 2 25 40 1 366 17 71 59 515 1013
23 18 8 R 0/0/0 4 3 | 56 52 196 6 67 13 1 28 41 1 369 15 69 64 518 1172
22 18 8 R 0/0/0 4 3 | 53 51 200 7 68 13 2 28 44 1 375 14 72 75 537 1309
21 18 8 R 0/0/0 4 3 | 53 51 189 6 65 13 1 27 40 1 358 14 68 62 503 901
20 18 8 R 0/0/0 3 3 | 54 53 193 6 66 12 1 29 41 1 365 16 69 58 509 904
19 18 8 R 0/0/0 4 3 | 53 51 193 6 66 14 1 28 40 1 364 14 68 61 509 897
18 18 8 R 0/0/0 4 3 | 52 24 220 6 43 20 1 25 40 1 367 16 69 61 514 964
17 18 8 R 0/0/0 4 3 | 55 60 188 7 62 13 1 31 45 1 372 15 68 62 518 902
16 18 8 R 0/0/0 3 3 | 60 56 189 6 70 12 3 29 41 1 371 16 69 63 520 1030
15 18 8 R 0/0/0 4 3 | 56 61 168 6 61 12 1 31 44 1 352 14 433 107 908 887
14 18 8 R 0/0/0 4 3 | 57 62 181 6 63 12 2 26 42 1 368 16 72 61 518 1149
13 18 8 R 0/0/0 4 3 | 55 61 192 7 60 12 1 25 40 1 372 14 69 146 603 1127
12 18 8 R 0/0/0 4 3 | 55 61 190 6 61 13 1 32 44 1 375 14 68 59 518 896
11 18 8 R 0/0/0 4 3 | 54 61 191 7 60 13 1 32 45 1 377 14 70 62 525 900
10 18 8 R 0/0/0 3 3 | 58 63 181 6 64 10 1 32 44 2 370 14 69 61 515 948
9 18 8 R 0/0/0 4 3 | 68 57 196 7 59 14 2 32 45 1 392 18 75 81 568 1438
8 18 8 R 0/0/0 3 3 | 53 50 196 6 62 13 1 28 40 1 364 14 69 61 509 1214
7 18 8 R 0/0/0 3 3 | 54 55 182 6 65 12 1 29 42 1 356 14 69 60 501 1146
6 18 8 R 0/0/0 4 3 | 55 53 189 6 65 13 1 27 40 1 361 15 71 61 510 900
5 18 8 R 0/0/0 4 3 | 54 55 183 6 65 13 1 27 41 1 357 15 68 61 503 907
4 18 8 R 0/0/0 3 3 | 56 54 188 7 66 11 1 28 41 1 362 15 69 60 507 933
3 18 8 R 0/0/0 4 3 | 57 57 184 7 68 13 2 30 43 1 368 16 71 69 525 1433
RING_END
[   79.678915] mmcblk: sync_swap=1 host_polls=1 -> mmcblk0 BLK_FEAT_SYNCHRONOUS=1 (swapoff/swapon to apply)
ARM s1 run 1
VM0 pswpin=119 pswpout=881 allocstall_normal=3 pgmajfault=328 swap_ra=9 swap_ra_hit=0 
PAGES 768 resident_after_pageout 0 tries 1
MAJ 10194 2263 1153 1088 1078 1091 1071 1076 1819 1146 1091 1082 1086 1079 1076 2306 1787 1341 1223 1102 1447 1082 1079 1086 1080 1087 1058 1380 1096 1315 1186 1060 1076 1076 1554 1109 1083 1068 1224 1080 1397 1124 1081 1183 1067 1087 1066 1383 1114 1082 1088 1069 1208 1325 2414 1302 1135 1090 1079 1091
MAJOR n=60 min 1058 p50 1091 p90 1787 p99 10194 max 10194 mean 1379 us
MINOR n=0
TOUCHED 60 majflt_delta 60 verify_bad 0
VM1 pswpin=179 pswpout=1665 allocstall_normal=3 pgmajfault=396 swap_ra=9 swap_ra_hit=0 
SDTRACE_BEGIN
ring n=64 med/p90/max us: prep=55/80/512 i2c=53/62/102 c2d=199/380/6069 d2x=6/9/83 i2bh=63/80/435 x2bh=12/17/87 bh2st=1/2/11 stophw=28/36/48 stop=40/58/104 st2rd=1/2/7 indrv=373/614/6593 rd2po=14/20/91 po2bl=68/96/946 bl2end=32/56/448 total=487/761/7341 gap=875/1754/62087
since reset n=70 avg us: prep=67 i2c=53 c2d=523 d2x=8 i2bh=82 x2bh=16 bh2st=1 stophw=29 stop=44 st2rd=1 indrv=721 rd2po=53 po2bl=93 bl2end=47 total=917 gap=2720
nirq med 4 max 4 avg_x100 361 nbh med 3 max 4 avg_x100 205
SDTRACE_END
RING_BEGIN
seq op blk RW cpu(sub/bh/blk) nirq nbh | prep i2c c2d d2x i2bh x2bh bh2st stophw stop st2rd indrv rd2po po2bl bl2end total gap  (us, newest first, window 0)
74 18 8 R 0/0/0 3 4 | 128 102 6069 83 166 87 11 46 104 7 6593 57 202 448 7302 62087
73 18 8 R 0/0/0 3 3 | 43 46 184 6 60 10 2 30 41 1 337 10 58 60 466 174
72 18 32 R 0/0/0 4 3 | 98 47 765 6 54 12 1 27 38 1 972 14 85 165 1237 121
71 18 64 R 0/0/0 3 3 | 74 43 2588 38 66 46 4 30 61 4 2862 86 279 118 3347 156
70 18 8 R 0/0/0 4 3 | 49 47 231 6 56 13 2 31 42 1 395 12 56 56 521 148
69 18 8 R 0/0/0 3 3 | 46 42 231 6 56 11 2 31 43 1 386 9 216 67 679 150
68 18 16 R 0/0/0 4 3 | 80 45 407 6 54 14 1 33 44 1 602 12 168 12 795 36521
67 18 8 R 0/0/0 3 4 | 71 68 5935 29 80 40 4 35 68 3 6221 91 946 83 7341 29955
66 18 8 R 0/0/0 3 3 | 55 53 203 6 64 11 1 29 40 1 373 13 66 32 485 874
65 18 8 R 0/0/0 4 3 | 56 53 196 7 63 12 1 27 39 1 368 14 67 29 479 871
64 18 8 R 0/0/0 4 3 | 57 53 208 6 63 12 1 27 39 1 381 13 67 30 493 875
63 18 8 R 0/0/0 3 3 | 56 53 207 6 70 11 2 29 41 1 381 14 73 31 500 1064
62 18 8 R 0/0/0 4 3 | 59 56 186 7 69 12 2 28 40 1 366 14 72 37 491 1347
61 18 8 R 0/0/0 4 3 | 62 69 188 9 66 17 5 48 73 2 428 30 90 35 584 2088
60 18 8 R 0/0/0 4 3 | 55 53 199 9 62 14 2 36 48 2 386 17 86 41 532 897
59 18 8 R 0/0/0 4 3 | 170 38 202 6 55 12 2 25 39 1 474 17 76 30 598 866
58 18 8 R 0/0/0 3 3 | 55 53 191 6 62 11 1 28 40 1 362 13 66 32 475 865
57 18 8 R 0/0/0 3 3 | 54 54 206 6 63 10 1 29 41 1 376 13 68 30 488 873
56 18 8 R 0/0/0 4 3 | 54 54 195 7 62 13 1 27 39 1 367 13 67 32 480 882
55 18 8 R 0/0/0 4 3 | 55 53 206 6 64 12 1 27 39 1 377 14 70 29 491 926
54 18 8 R 0/0/0 3 2 | 56 52 396 12 435 34 2 42 58 1 616 18 83 34 753 872
53 18 8 R 0/0/0 4 3 | 56 53 184 6 62 12 1 28 40 1 357 14 68 31 470 867
52 18 8 R 0/0/0 4 3 | 54 53 198 6 61 13 1 28 40 1 370 13 67 31 482 872
51 18 8 R 0/0/0 4 3 | 54 52 191 6 62 12 1 27 39 1 359 13 67 29 469 870
50 18 8 R 0/0/0 3 3 | 54 51 197 6 62 10 1 44 69 2 393 32 106 32 565 887
49 18 8 R 0/0/0 4 3 | 54 49 205 6 58 13 1 27 39 1 372 13 65 29 480 922
48 18 8 R 0/0/0 4 3 | 59 54 197 7 65 12 1 28 40 1 375 13 70 33 492 945
47 18 8 R 0/0/0 3 2 | 54 61 353 10 425 68 2 41 60 1 614 18 96 31 761 876
46 18 8 R 0/0/0 4 3 | 54 54 183 6 62 13 1 27 39 1 354 13 70 33 471 915
45 18 8 R 0/0/0 4 3 | 60 55 190 7 74 12 2 27 39 2 370 14 69 35 490 2101
44 18 8 R 0/0/0 3 3 | 54 53 186 6 64 10 1 27 38 1 353 13 66 32 466 871
43 18 8 R 0/0/0 3 3 | 54 54 208 6 63 11 1 28 39 1 379 13 67 30 490 869
seq op blk RW cpu(sub/bh/blk) nirq nbh | prep i2c c2d d2x i2bh x2bh bh2st stophw stop st2rd indrv rd2po po2bl bl2end total gap  (us, newest first, window 32)
42 18 8 R 0/0/0 3 3 | 55 53 197 6 64 11 2 29 40 1 370 13 68 33 485 944
41 18 8 R 0/0/0 4 3 | 86 46 206 7 64 12 2 27 39 1 403 20 62 34 520 1267
40 18 8 R 0/0/0 4 3 | 55 55 196 6 62 12 1 27 39 1 368 13 67 31 481 864
39 18 8 R 0/0/0 3 3 | 53 53 188 6 64 11 2 29 40 1 357 14 67 30 470 879
38 18 8 R 0/0/0 3 3 | 54 51 183 7 59 10 1 28 39 1 350 14 67 32 464 864
37 18 8 R 0/0/0 3 3 | 56 54 206 7 65 10 2 29 41 1 381 15 68 30 495 1062
36 18 8 R 0/0/0 3 3 | 54 52 325 6 62 10 1 29 41 1 494 13 68 33 609 869
35 18 8 R 0/0/0 4 3 | 57 53 189 7 64 12 1 27 39 1 363 13 69 29 475 925
34 18 8 R 0/0/0 3 2 | 55 65 380 11 423 38 2 42 58 1 614 22 84 34 755 875
33 18 8 R 0/0/0 4 3 | 53 53 182 6 63 12 1 27 39 1 351 13 68 30 464 865
32 18 8 R 0/0/0 4 3 | 54 53 201 6 62 12 1 28 40 1 372 14 67 32 486 868
31 18 8 R 0/0/0 4 3 | 54 53 206 6 64 12 1 27 39 1 376 13 67 29 487 869
30 18 8 R 0/0/0 3 3 | 54 54 201 7 63 11 1 29 41 1 372 14 66 32 485 868
29 18 8 R 0/0/0 3 3 | 54 54 204 6 63 11 1 28 39 1 373 13 66 30 484 869
28 18 8 R 0/0/0 4 3 | 54 53 181 7 63 12 1 27 39 1 353 13 68 31 467 919
27 18 8 R 0/0/0 3 3 | 60 62 176 7 60 9 2 32 44 1 364 16 67 36 485 1235
26 18 8 R 0/0/0 4 3 | 54 54 189 7 62 12 1 27 39 1 359 12 67 29 469 886
25 18 8 R 0/0/0 4 3 | 56 52 199 7 67 12 2 30 42 1 374 14 70 30 489 1156
24 18 8 R 0/0/0 4 3 | 58 64 184 7 122 15 2 28 43 1 376 16 79 38 510 1754
23 18 8 R 0/0/0 4 3 | 133 39 219 7 59 14 2 30 42 2 461 16 77 35 591 1842
22 18 8 R 0/0/0 4 3 | 58 62 189 6 65 11 2 32 44 1 378 14 65 36 494 1601
21 18 8 R 0/0/0 4 3 | 55 53 195 6 62 12 1 27 40 1 367 13 67 31 479 867
20 18 8 R 0/0/0 4 3 | 54 53 192 6 62 12 1 27 39 1 362 13 66 31 474 874
19 18 8 R 0/0/0 4 3 | 53 52 200 6 63 12 1 27 39 1 368 13 67 31 480 876
18 18 8 R 0/0/0 4 3 | 54 53 195 6 62 12 1 27 39 1 366 14 67 31 479 873
17 18 8 R 0/0/0 4 3 | 55 52 205 6 62 12 1 27 39 1 374 14 66 32 487 867
16 18 8 R 0/0/0 4 3 | 58 53 198 6 64 12 1 27 39 1 371 14 96 31 513 1178
15 18 8 R 0/0/0 4 3 | 512 48 218 7 125 12 2 28 40 1 844 20 74 32 972 874
14 18 8 R 0/0/0 4 3 | 54 53 183 6 62 12 1 28 40 1 354 15 64 31 466 882
13 18 8 R 0/0/0 4 3 | 54 53 182 7 61 13 1 28 40 1 354 13 66 31 465 874
12 18 8 R 0/0/0 4 3 | 54 54 206 6 62 12 1 27 39 1 376 13 64 33 487 876
11 18 8 R 0/0/0 3 3 | 54 63 180 7 60 11 1 32 45 1 364 12 66 32 476 867
RING_END
[   87.201212] mmcblk: sync_swap=0 host_polls=1 -> mmcblk0 BLK_FEAT_SYNCHRONOUS=0 (swapoff/swapon to apply)
ARM s0 run 2
VM0 pswpin=198 pswpout=1665 allocstall_normal=3 pgmajfault=396 swap_ra=12 swap_ra_hit=0 
PAGES 768 resident_after_pageout 85 tries 5
MAJ 2033 1285 1291 1147 1131 1143 1655 1170 1188 1130 1127 1250 1116 1702 1785 1858 1372 1193 1329 1127 1309 1129 2505 1969 1187 1142 1131 1211 1144 1119 1203 1139 1118 1219 1125 1146 1573 1134 1187 1140 1123 1165 1122 1184 1146 1117 1130 1141 1133 1586 1557 1402 1174 1148 1106 1901 1874 1498 1196 1148
MAJOR n=60 min 1106 p50 1174 p90 1858 p99 2505 max 2505 mean 1312 us
MINOR n=5 min 91 p50 134 p90 147 p99 147 max 147 mean 129 us
TOUCHED 60 majflt_delta 60 verify_bad 0
VM1 pswpin=258 pswpout=2508 allocstall_normal=3 pgmajfault=466 swap_ra=12 swap_ra_hit=0 
SDTRACE_BEGIN
ring n=64 med/p90/max us: prep=57/73/412 i2c=53/58/67 c2d=199/232/6819 d2x=6/7/43 i2bh=65/70/140 x2bh=12/14/47 bh2st=1/2/390 stophw=28/31/39 stop=40/43/67 st2rd=1/1/4 indrv=374/476/7129 rd2po=13/18/532 po2bl=69/89/334 bl2end=62/106/210 total=523/673/7435 gap=940/1637/29567
since reset n=65 avg us: prep=66 i2c=52 c2d=361 d2x=8 i2bh=66 x2bh=13 bh2st=7 stophw=28 stop=42 st2rd=1 indrv=556 rd2po=24 po2bl=80 bl2end=74 total=737 gap=1483
nirq med 4 max 4 avg_x100 352 nbh med 3 max 3 avg_x100 203
SDTRACE_END
RING_BEGIN
seq op blk RW cpu(sub/bh/blk) nirq nbh | prep i2c c2d d2x i2bh x2bh bh2st stophw stop st2rd indrv rd2po po2bl bl2end total gap  (us, newest first, window 0)
65 18 8 R 0/0/0 4 3 | 77 49 179 7 55 14 1 29 41 1 374 15 75 51 516 146
64 18 56 R 0/0/0 3 3 | 117 53 1289 40 86 42 4 36 65 3 1615 97 247 108 2069 460
63 18 64 R 0/0/0 3 3 | 73 44 2564 43 65 47 4 34 67 4 2851 532 334 127 3846 201
62 18 8 R 0/0/0 3 3 | 77 56 232 6 64 10 2 31 42 1 428 13 75 62 579 611
61 18 48 R 0/0/0 3 3 | 88 66 6819 41 111 42 3 33 63 3 7129 105 93 106 7435 29567
60 18 8 R 0/0/0 4 3 | 56 52 208 6 66 12 1 27 39 1 380 13 72 60 526 905
59 18 8 R 0/0/0 4 3 | 56 53 189 6 67 15 2 30 43 1 369 13 70 63 517 1573
58 18 8 R 0/0/0 3 3 | 142 42 220 6 59 10 2 25 39 1 466 16 79 73 635 1683
57 18 8 R 0/0/0 3 3 | 61 62 197 6 66 13 3 30 41 2 389 15 78 190 673 2266
56 18 8 R 0/0/0 3 3 | 56 53 200 6 63 11 1 28 41 1 373 13 66 64 518 899
55 18 8 R 0/0/0 3 3 | 56 51 193 7 65 10 1 29 40 1 363 13 66 63 506 1137
54 18 8 R 0/0/0 4 3 | 57 62 199 7 61 11 1 30 42 1 383 13 68 63 529 900
53 18 8 R 0/0/0 4 3 | 58 62 189 7 65 11 2 25 39 1 372 14 73 65 526 983
52 18 8 R 0/0/0 4 3 | 61 56 201 7 70 12 2 28 40 1 383 14 74 210 682 1214
51 18 8 R 0/0/0 3 3 | 61 53 283 9 69 11 2 39 51 1 476 18 91 73 659 1392
50 18 8 R 0/0/0 4 3 | 56 50 197 6 60 12 1 25 36 1 363 13 68 59 505 902
49 18 8 R 0/0/0 4 3 | 56 52 201 6 64 12 1 28 40 1 371 13 69 60 516 898
48 18 8 R 0/0/0 3 3 | 56 52 211 6 63 10 1 29 41 1 381 13 67 60 523 899
47 18 8 R 0/0/0 3 3 | 56 51 198 7 64 10 1 28 40 1 366 13 69 61 510 897
46 18 8 R 0/0/0 4 3 | 55 52 180 6 63 13 1 28 40 1 353 12 69 61 496 897
45 18 8 R 0/0/0 3 3 | 58 52 210 6 64 10 1 29 40 1 381 13 68 60 523 914
44 18 8 R 0/0/0 4 3 | 58 55 192 6 69 11 2 28 40 1 368 14 72 72 527 1274
43 18 8 R 0/0/0 4 3 | 57 53 192 6 64 12 1 28 39 1 365 12 69 61 508 893
42 18 8 R 0/0/0 3 3 | 59 51 199 7 66 9 2 31 42 1 374 13 69 65 523 1019
41 18 8 R 0/0/0 3 3 | 55 52 191 6 64 10 1 29 40 1 361 13 69 59 503 896
40 18 8 R 0/0/0 3 3 | 57 53 206 6 64 10 1 31 43 1 382 12 68 61 525 891
39 18 8 R 0/0/0 4 3 | 58 58 192 6 57 16 1 26 42 1 379 14 70 62 526 942
38 18 8 R 0/0/0 3 3 | 58 53 178 6 65 10 1 30 41 1 353 13 69 61 498 940
37 18 8 R 0/0/0 3 3 | 57 46 208 6 65 10 2 29 44 1 378 18 72 79 549 1288
36 18 8 R 0/0/0 4 3 | 57 51 196 6 64 12 1 28 39 1 367 13 71 61 513 903
35 18 8 R 0/0/0 3 3 | 58 52 208 6 62 12 1 29 40 1 382 12 68 60 523 1139
34 18 8 R 0/0/0 4 3 | 58 53 206 7 64 13 1 28 40 1 382 14 70 60 527 970
seq op blk RW cpu(sub/bh/blk) nirq nbh | prep i2c c2d d2x i2bh x2bh bh2st stophw stop st2rd indrv rd2po po2bl bl2end total gap  (us, newest first, window 32)
33 18 8 R 0/0/0 3 3 | 56 52 185 6 63 10 1 28 41 1 357 13 69 60 499 894
32 18 8 R 0/0/0 4 3 | 58 52 196 6 64 12 2 24 38 1 368 14 71 61 516 927
31 18 8 R 0/0/0 4 3 | 59 54 193 6 69 12 2 29 41 1 372 15 73 71 532 1449
30 18 8 R 0/0/0 4 3 | 56 53 180 7 65 13 1 28 40 1 355 14 70 60 501 895
29 18 8 R 0/0/0 4 3 | 56 51 208 7 65 12 1 27 39 1 379 12 70 60 523 900
28 18 8 R 0/0/0 4 3 | 54 24 233 6 42 17 1 28 40 1 380 15 67 60 523 968
27 18 8 R 0/0/0 3 3 | 57 51 199 7 64 9 1 27 39 1 367 12 67 61 508 903
26 18 8 R 0/0/0 4 3 | 57 52 204 6 65 12 1 28 41 1 377 13 68 61 522 903
25 18 8 R 0/0/0 4 3 | 57 53 193 7 70 12 1 26 41 1 369 14 75 71 531 1192
24 18 8 R 0/0/0 4 3 | 412 45 196 8 140 13 2 28 43 2 724 20 134 83 963 2176
23 18 8 R 0/0/0 4 3 | 57 50 201 7 66 13 2 29 42 1 374 11 66 72 526 1123
22 18 8 R 0/0/0 3 3 | 57 53 200 6 65 11 1 29 40 1 372 13 67 58 512 901
21 18 8 R 0/0/0 4 3 | 55 51 211 6 64 13 2 29 41 1 383 13 66 64 527 1048
20 18 8 R 0/0/0 3 3 | 57 51 198 6 66 11 1 28 40 1 369 13 66 57 506 925
19 18 8 R 0/0/0 3 3 | 58 54 178 6 71 11 2 30 42 1 356 15 67 69 509 1697
18 18 8 R 0/0/0 4 3 | 57 54 183 6 71 12 2 27 40 1 360 14 70 60 505 972
17 18 8 R 0/0/0 4 3 | 61 59 189 7 69 12 2 27 39 1 373 13 188 70 646 1278
16 18 8 R 0/0/0 3 3 | 63 39 208 7 54 12 2 25 38 1 373 17 74 188 653 1814
15 18 8 R 0/0/0 3 3 | 60 51 180 7 67 13 2 31 42 1 359 15 69 199 644 1637
14 18 8 R 0/0/0 3 3 | 59 54 202 7 63 11 2 30 43 1 381 16 63 72 534 1431
13 18 8 R 0/0/0 4 3 | 56 52 179 7 64 13 1 28 40 1 351 13 65 60 490 908
12 18 8 R 0/0/0 3 3 | 55 51 196 6 64 10 2 29 41 1 366 14 66 64 511 1009
11 18 8 R 0/0/0 4 3 | 55 55 188 6 64 12 1 28 40 1 362 13 64 61 501 904
10 18 8 R 0/0/0 4 3 | 55 55 184 6 65 13 1 28 40 1 359 13 68 61 502 905
9 18 8 R 0/0/0 3 3 | 53 23 209 6 41 14 1 28 40 1 352 15 65 62 496 967
8 18 8 R 0/0/0 4 3 | 60 67 195 6 65 12 1 30 42 1 388 14 67 62 533 998
7 18 8 R 0/0/0 4 3 | 56 55 188 6 65 12 390 39 65 2 779 18 89 83 971 895
6 18 8 R 0/0/0 4 3 | 57 55 203 6 65 12 1 27 39 1 378 13 68 61 522 903
5 18 8 R 0/0/0 3 3 | 56 55 194 6 65 10 1 28 39 1 366 13 67 60 508 900
4 18 8 R 0/0/0 4 3 | 56 54 201 6 65 12 2 27 38 1 374 14 67 61 518 918
3 18 8 R 0/0/0 4 3 | 59 57 201 6 68 12 1 27 38 1 380 13 69 63 526 1045
2 18 8 R 0/0/0 3 3 | 60 54 323 7 72 10 2 30 41 1 501 14 71 64 651 1542
RING_END
[   96.125521] mmcblk: sync_swap=1 host_polls=1 -> mmcblk0 BLK_FEAT_SYNCHRONOUS=1 (swapoff/swapon to apply)
ARM s1 run 2
VM0 pswpin=318 pswpout=2508 allocstall_normal=3 pgmajfault=466 swap_ra=19 swap_ra_hit=0 
PAGES 768 resident_after_pageout 0 tries 1
MAJ 5545 3959 1653 1307 1129 1749 1090 1142 1099 1061 1094 1082 1174 1091 1078 1091 1060 1084 2124 1442 1071 1120 1074 1081 1076 2640 1795 1357 1135 1096 1177 1111 1088 1171 1079 1090 1406 1126 1073 1222 1082 1085 1080 1420 1155 1067 1086 1088 1086 1094 1451 1139 1054 1075 1063 1057 1061 1074 1342 1112
MAJOR n=60 min 1054 p50 1094 p90 1749 p99 5545 max 5545 mean 1329 us
MINOR n=0
TOUCHED 60 majflt_delta 60 verify_bad 0
VM1 pswpin=378 pswpout=3273 allocstall_normal=3 pgmajfault=530 swap_ra=19 swap_ra_hit=0 
SDTRACE_BEGIN
ring n=61 med/p90/max us: prep=55/61/171 i2c=54/56/79 c2d=194/202/654 d2x=6/7/29 i2bh=63/70/135 x2bh=12/13/83 bh2st=1/2/112 stophw=27/31/39 stop=40/44/65 st2rd=1/1/2 indrv=369/399/1002 rd2po=13/16/782 po2bl=67/76/189 bl2end=32/37/261 total=483/586/1996 gap=879/1524/2265
since reset n=61 avg us: prep=60 i2c=54 c2d=201 d2x=6 i2bh=67 x2bh=12 bh2st=3 stophw=28 stop=40 st2rd=1 indrv=384 rd2po=26 po2bl=69 bl2end=38 total=520 gap=1038
nirq med 4 max 4 avg_x100 360 nbh med 3 max 3 avg_x100 201
SDTRACE_END
RING_BEGIN
seq op blk RW cpu(sub/bh/blk) nirq nbh | prep i2c c2d d2x i2bh x2bh bh2st stophw stop st2rd indrv rd2po po2bl bl2end total gap  (us, newest first, window 0)
65 18 8 R 0/0/0 4 3 | 55 54 198 6 69 12 2 28 40 1 371 13 67 30 484 1064
64 18 8 R 0/0/0 4 3 | 57 56 185 6 135 15 2 28 45 1 371 17 75 38 502 1793
63 18 8 R 0/0/0 4 3 | 54 54 197 6 63 12 1 25 40 1 369 13 65 32 480 859
62 18 8 R 0/0/0 4 3 | 51 52 199 6 59 12 1 25 40 1 365 12 64 29 472 861
61 18 8 R 0/0/0 4 3 | 53 54 182 6 63 12 1 25 40 1 353 13 65 31 463 858
60 18 8 R 0/0/0 3 3 | 55 54 191 6 62 10 1 27 41 1 362 13 66 29 472 861
59 18 8 R 0/0/0 3 3 | 53 55 193 7 62 11 1 27 41 1 365 13 66 31 476 866
58 18 8 R 0/0/0 3 3 | 55 55 177 6 63 9 1 27 41 1 349 13 66 29 459 878
57 18 8 R 0/0/0 3 3 | 54 56 197 6 68 11 2 27 42 1 372 15 68 34 490 1387
56 18 8 R 0/0/0 4 3 | 55 54 184 6 63 12 1 25 39 1 357 13 66 30 467 878
55 18 8 R 0/0/0 3 3 | 55 54 192 6 63 11 2 27 41 1 365 15 65 32 479 879
54 18 8 R 0/0/0 4 3 | 58 56 193 6 64 12 1 27 42 1 372 13 64 30 481 878
53 18 8 R 0/0/0 3 3 | 57 55 200 6 64 11 1 26 41 1 376 13 65 31 486 875
52 18 8 R 0/0/0 3 3 | 55 55 198 7 62 11 1 27 40 1 370 13 66 29 479 871
51 18 8 R 0/0/0 4 3 | 53 55 183 6 63 12 1 27 41 1 355 13 66 31 467 879
50 18 8 R 0/0/0 4 3 | 57 53 202 6 64 11 2 25 39 1 376 13 67 29 486 1309
49 18 8 R 0/0/0 3 3 | 52 55 180 7 64 9 1 27 38 1 347 13 65 31 458 873
48 18 8 R 0/0/0 4 3 | 53 55 200 6 63 12 1 27 39 1 370 13 65 30 480 869
47 18 8 R 0/0/0 4 3 | 54 55 200 6 63 12 1 27 38 1 371 13 66 32 484 870
46 18 8 R 0/0/0 4 3 | 55 55 191 6 63 12 1 27 38 1 363 13 67 30 474 887
45 18 8 R 0/0/0 4 3 | 171 41 209 7 56 12 2 31 42 1 488 15 68 31 604 876
44 18 8 R 0/0/0 4 3 | 54 55 190 6 63 12 1 28 39 1 362 13 65 30 471 881
43 18 8 R 0/0/0 4 3 | 57 56 177 7 69 11 2 29 41 1 356 15 69 34 474 1278
42 18 8 R 0/0/0 4 3 | 53 54 177 7 63 12 1 27 39 1 348 13 65 30 457 868
41 18 8 R 0/0/0 4 3 | 53 54 194 6 64 12 1 27 38 1 364 13 67 31 477 884
40 18 8 R 0/0/0 4 3 | 57 55 193 6 63 12 1 27 38 1 368 13 66 30 478 878
39 18 8 R 0/0/0 4 3 | 57 54 191 6 64 12 1 28 39 1 365 14 66 32 478 994
38 18 8 R 0/0/0 4 3 | 55 56 195 6 64 12 1 27 38 1 368 14 68 29 481 886
37 18 8 R 0/0/0 4 3 | 57 55 200 6 63 12 1 27 39 1 374 14 68 31 489 903
36 18 8 R 0/0/0 3 3 | 56 54 195 6 70 10 3 28 40 2 368 15 71 33 489 1480
35 18 8 R 0/0/0 4 3 | 53 54 201 6 63 12 1 27 39 1 372 13 68 32 486 883
34 18 8 R 0/0/0 4 3 | 54 54 193 7 68 11 2 27 39 1 365 16 72 31 484 1169
seq op blk RW cpu(sub/bh/blk) nirq nbh | prep i2c c2d d2x i2bh x2bh bh2st stophw stop st2rd indrv rd2po po2bl bl2end total gap  (us, newest first, window 32)
33 18 8 R 0/0/0 3 3 | 58 52 193 6 126 13 2 31 44 1 374 18 80 37 511 1769
32 18 8 R 0/0/0 4 3 | 142 42 202 7 58 15 2 29 40 1 454 18 77 35 586 1768
31 18 8 R 0/0/0 3 3 | 61 54 197 6 67 11 112 39 57 1 503 19 79 37 639 1893
30 18 8 R 0/0/0 4 3 | 54 53 200 7 63 12 1 27 39 1 371 13 70 30 484 853
29 18 8 R 0/0/0 4 3 | 54 53 187 6 65 12 1 27 38 1 355 12 90 30 488 869
28 18 8 R 0/0/0 3 3 | 53 54 200 7 63 10 1 30 41 1 371 13 69 30 484 860
27 18 8 R 0/0/0 3 3 | 53 53 192 7 63 11 1 29 40 1 361 13 71 31 477 924
26 18 8 R 0/0/0 4 3 | 55 53 194 7 63 12 1 27 39 1 366 13 69 30 479 883
25 18 8 R 0/0/0 3 3 | 82 73 175 7 99 10 2 29 41 1 394 14 76 34 521 2165
24 18 8 R 0/0/0 3 3 | 59 47 206 6 66 9 2 30 42 1 377 16 73 33 500 1115
23 18 8 R 0/0/0 4 3 | 55 53 199 6 63 12 1 27 40 1 371 13 67 31 483 868
22 18 8 R 0/0/0 4 3 | 55 54 177 6 64 12 1 27 40 1 349 13 65 32 461 871
21 18 8 R 0/0/0 4 3 | 56 55 201 6 64 12 1 28 39 1 375 13 66 31 486 877
20 18 8 R 0/0/0 3 3 | 55 53 194 6 63 10 1 29 40 1 365 13 65 32 477 869
19 18 8 R 0/0/0 3 3 | 54 54 198 6 64 10 1 29 41 1 368 13 68 32 483 887
18 18 8 R 0/0/0 3 3 | 58 53 170 6 64 10 2 27 38 1 341 15 63 33 454 1486
17 18 8 R 0/0/0 4 3 | 53 53 192 6 64 12 1 27 40 1 362 14 69 32 478 875
16 18 8 R 0/0/0 4 3 | 54 54 200 7 63 12 1 27 39 1 372 14 67 32 486 877
15 18 8 R 0/0/0 3 3 | 54 53 178 6 64 10 1 28 39 1 346 14 68 32 461 869
14 18 8 R 0/0/0 3 3 | 53 53 202 6 62 11 1 28 40 1 371 15 70 32 489 893
13 18 8 R 0/0/0 3 3 | 54 53 223 8 63 10 2 33 45 1 399 15 75 33 524 878
12 18 8 R 0/0/0 4 3 | 57 55 191 6 64 12 1 28 40 1 367 13 68 32 481 904
11 18 8 R 0/0/0 3 3 | 56 56 189 6 69 11 2 32 45 2 370 14 66 34 485 1524
10 18 8 R 0/0/0 4 3 | 54 54 193 6 67 13 2 27 39 1 367 14 75 33 491 959
9 18 8 R 0/0/0 4 3 | 55 56 195 7 70 12 2 25 40 1 372 15 189 35 612 1188
8 18 8 R 0/0/0 3 3 | 59 53 268 10 70 11 3 39 49 1 457 18 82 38 597 1305
7 18 8 R 0/0/0 4 3 | 84 76 175 7 56 15 1 30 42 1 404 15 61 261 742 375
6 13 0 W 0/0/0 1 1 | 0 0 0 0 64 0 0 0 0 0 123 0 0 0 0 3899 (incomplete)
5 13 0 W 0/0/0 1 1 | 0 0 0 0 50 0 0 0 0 0 120 0 0 0 0 3482 (incomplete)
4 25 8 W 1/0/0 3 3 | 84 79 654 29 116 83 4 35 65 1 1002 782 12 198 1996 2265
3 18 8 R 0/0/0 4 3 | 75 37 201 7 38 13 2 25 40 1 379 14 36 42 473 0
2 13 0 W 0/0/0 1 1 | 0 0 0 0 62 0 0 0 0 0 114 0 0 0 0 0 (incomplete)
RING_END
[  103.372870] mmcblk: sync_swap=0 host_polls=1 -> mmcblk0 BLK_FEAT_SYNCHRONOUS=0 (swapoff/swapon to apply)
ARM s0 run 3
VM0 pswpin=378 pswpout=3273 allocstall_normal=3 pgmajfault=530 swap_ra=19 swap_ra_hit=0 
PAGES 768 resident_after_pageout 86 tries 5
MAJ 2205 1539 1540 1147 1138 1106 1615 1266 1097 1136 1239 1122 2128 1437 1183 1140 1140 1119 1710 1682 1897 1370 1447 1219 1129 1138 1122 1133 1121 1713 1185 1139 1144 1142 1155 1129 1516 1139 1211 1127 1112 1294 1139 1437 1166 1149 1132 1138 1145 1153 1122 1296 1143 1139 1124 1247 1127 1140 1118 1132
MAJOR n=60 min 1097 p50 1144 p90 1682 p99 2205 max 2205 mean 1272 us
MINOR n=9 min 91 p50 129 p90 227 p99 227 max 227 mean 145 us
TOUCHED 60 majflt_delta 60 verify_bad 0
VM1 pswpin=438 pswpout=4089 allocstall_normal=3 pgmajfault=595 swap_ra=19 swap_ra_hit=0 
SDTRACE_BEGIN
ring n=64 med/p90/max us: prep=56/68/236 i2c=52/60/119 c2d=198/267/7198 d2x=6/9/39 i2bh=64/73/453 x2bh=12/15/534 bh2st=1/2/3 stophw=28/38/56 stop=40/60/360 st2rd=1/2/4 indrv=373/632/7503 rd2po=14/19/90 po2bl=67/84/256 bl2end=60/77/271 total=516/812/7966 gap=921/2102/25645
since reset n=65 avg us: prep=63 i2c=54 c2d=504 d2x=7 i2bh=74 x2bh=21 bh2st=1 stophw=30 stop=48 st2rd=1 indrv=705 rd2po=15 po2bl=77 bl2end=70 total=870 gap=1586
nirq med 4 max 4 avg_x100 358 nbh med 3 max 4 avg_x100 201
SDTRACE_END
RING_BEGIN
seq op blk RW cpu(sub/bh/blk) nirq nbh | prep i2c c2d d2x i2bh x2bh bh2st stophw stop st2rd indrv rd2po po2bl bl2end total gap  (us, newest first, window 0)
65 18 200 R 0/0/0 3 3 | 236 33 6555 29 66 39 3 40 63 3 6964 19 184 271 7439 134
64 18 64 R 0/0/0 3 3 | 92 56 7198 39 100 41 3 39 65 4 7503 90 256 116 7966 7636
63 18 8 R 0/0/0 3 3 | 62 42 229 6 66 10 2 30 42 1 397 16 75 76 564 2243
62 18 8 R 0/0/0 3 3 | 68 58 434 10 74 10 2 38 49 2 636 20 82 72 812 2903
61 18 8 R 0/0/0 3 4 | 72 60 6116 25 79 35 3 38 68 3 6385 19 92 157 6656 25645
60 18 8 R 0/0/0 3 3 | 55 53 196 6 62 10 1 28 40 1 366 13 64 60 504 897
59 18 8 R 0/0/0 4 3 | 55 52 196 6 64 12 1 28 39 1 367 12 64 56 501 900
58 18 8 R 0/0/0 3 3 | 56 53 206 7 64 10 1 28 40 1 377 13 64 59 515 894
57 18 8 R 0/0/0 3 3 | 55 52 202 6 63 9 1 28 39 1 369 13 65 58 507 921
56 18 8 R 0/0/0 4 3 | 77 55 205 6 67 12 2 27 39 1 401 14 67 67 551 1615
55 18 8 R 0/0/0 4 3 | 54 52 193 6 63 12 1 27 39 1 361 13 67 58 500 900
54 18 8 R 0/0/0 4 3 | 56 52 207 6 64 12 1 28 40 1 380 13 66 60 521 892
53 18 8 R 0/0/0 3 3 | 57 51 204 6 65 10 1 31 44 1 378 13 67 57 515 939
52 18 8 R 0/0/0 3 3 | 59 52 203 6 66 11 2 32 45 1 384 14 68 61 528 1007
51 18 8 R 0/0/0 3 3 | 56 52 192 6 64 9 1 27 39 1 359 13 67 58 498 911
50 18 8 R 0/0/0 4 3 | 58 56 191 6 68 12 2 28 40 1 370 15 70 68 524 1870
49 18 8 R 0/0/0 4 3 | 57 52 212 6 64 12 1 27 39 1 384 13 65 57 522 900
48 18 8 R 0/0/0 3 3 | 58 53 201 6 63 9 1 28 39 1 372 13 65 60 511 905
47 18 8 R 0/0/0 4 3 | 55 52 196 6 62 12 1 28 41 1 367 13 65 57 504 902
46 18 8 R 0/0/0 4 3 | 56 53 205 6 62 12 1 27 40 1 377 13 65 59 516 910
45 18 8 R 0/0/0 4 3 | 54 52 197 7 69 12 1 28 41 1 369 13 70 61 515 976
44 18 8 R 0/0/0 3 3 | 59 59 235 9 63 13 3 29 43 2 427 18 81 76 604 2102
43 18 8 R 0/0/0 4 3 | 55 49 204 6 64 12 1 29 41 1 373 13 65 57 510 942
42 18 8 R 0/0/0 3 3 | 58 50 206 6 63 10 2 31 42 1 379 14 68 61 523 1011
41 18 8 R 0/0/0 4 3 | 54 52 185 6 64 12 1 28 40 1 355 13 64 58 491 902
40 18 8 R 0/0/0 4 3 | 55 52 195 7 64 12 1 29 40 1 367 13 66 60 508 910
39 18 8 R 0/0/0 4 3 | 55 53 197 6 66 12 1 28 40 1 369 14 64 60 508 965
38 18 8 R 0/0/0 3 2 | 55 71 174 4 153 9 1 34 45 1 365 14 66 62 508 939
37 18 8 R 0/0/0 4 3 | 59 49 182 7 66 12 2 29 42 1 357 15 69 75 517 1255
36 18 8 R 0/0/0 4 3 | 54 52 198 7 63 12 1 27 39 1 367 13 66 60 508 899
35 18 8 R 0/0/0 4 3 | 55 52 219 6 63 12 1 27 40 1 390 13 65 58 527 905
34 18 8 R 0/0/0 4 3 | 55 52 206 6 62 12 1 28 41 1 378 14 66 59 518 899
seq op blk RW cpu(sub/bh/blk) nirq nbh | prep i2c c2d d2x i2bh x2bh bh2st stophw stop st2rd indrv rd2po po2bl bl2end total gap  (us, newest first, window 32)
33 18 8 R 0/0/0 3 3 | 57 53 208 7 64 10 1 29 40 1 380 13 66 58 519 908
32 18 8 R 0/0/0 4 3 | 56 52 199 7 62 12 1 27 39 1 371 14 65 59 510 914
31 18 8 R 0/0/0 4 3 | 57 62 192 6 62 12 2 31 43 1 379 14 63 66 523 1144
30 18 8 R 0/0/0 4 3 | 56 52 197 7 64 12 1 27 360 1 690 22 83 76 872 913
29 18 8 R 0/0/0 4 3 | 55 52 189 7 63 12 1 27 40 1 360 13 65 58 498 903
28 18 8 R 0/0/0 4 3 | 55 52 197 6 63 13 1 27 38 1 367 13 64 60 506 902
27 18 8 R 0/0/0 4 3 | 54 52 192 6 65 12 1 27 39 1 361 13 66 57 499 908
26 18 8 R 0/0/0 4 3 | 56 52 198 6 65 12 1 27 39 1 370 13 66 59 510 900
25 18 8 R 0/0/0 3 3 | 53 52 204 7 65 9 1 27 39 1 370 13 66 57 507 910
24 18 8 R 0/0/0 3 3 | 57 56 188 6 69 9 2 29 41 1 364 14 67 69 516 1317
23 18 8 R 0/0/0 3 3 | 55 63 184 7 64 10 1 26 40 1 363 13 70 62 510 1232
22 18 8 R 0/0/0 4 3 | 177 53 186 7 63 14 2 31 45 1 488 17 78 74 658 2374
21 18 8 R 0/0/0 4 3 | 61 50 211 6 66 14 2 30 41 1 391 14 77 169 653 1827
20 18 8 R 0/0/0 4 3 | 61 60 193 6 65 12 2 33 44 1 384 14 70 67 536 1205
19 18 8 R 0/0/0 3 2 | 54 51 415 11 453 34 2 43 60 1 632 18 228 80 959 906
18 18 8 R 0/0/0 4 3 | 55 53 205 6 64 12 1 27 40 1 376 14 67 60 519 1139
17 18 8 R 0/0/0 4 3 | 59 51 200 7 66 12 1 29 41 1 375 14 67 58 515 901
16 18 8 R 0/0/0 4 3 | 56 53 196 6 64 12 1 28 40 1 369 14 69 60 513 911
15 18 8 R 0/0/0 4 3 | 56 53 196 7 69 12 1 29 42 1 370 15 73 66 526 1030
14 18 8 R 0/0/0 3 3 | 63 62 267 9 65 11 2 28 42 1 460 19 80 79 640 1428
13 18 8 R 0/0/0 3 3 | 54 51 191 9 63 534 3 46 71 2 918 18 130 77 1144 904
12 18 8 R 0/0/0 4 3 | 55 51 178 6 62 11 2 25 36 1 344 14 64 60 483 1011
11 18 8 R 0/0/0 4 3 | 55 53 211 6 64 12 1 28 39 1 381 13 65 58 517 899
10 18 8 R 0/0/0 4 3 | 55 52 198 6 63 13 1 29 41 1 369 13 66 60 510 905
9 18 8 R 0/0/0 4 3 | 55 53 185 6 63 12 1 27 39 1 356 12 65 58 493 1144
8 18 8 R 0/0/0 3 3 | 56 53 177 6 67 11 2 28 39 1 349 14 70 62 496 1078
7 18 8 R 0/0/0 3 3 | 58 55 196 6 67 11 2 31 43 1 375 15 72 68 532 1343
6 18 8 R 0/0/0 4 3 | 55 51 179 6 63 12 1 27 38 1 348 13 69 59 491 899
5 18 8 R 0/0/0 4 3 | 55 53 200 6 64 12 1 27 39 1 369 13 67 57 508 910
4 18 8 R 0/0/0 4 3 | 58 54 194 6 66 12 1 28 40 1 370 14 70 59 515 968
3 18 8 R 0/0/0 3 2 | 108 119 145 12 181 32 1 56 71 3 494 22 92 73 681 1465
2 18 8 R 0/0/0 3 3 | 61 48 295 9 73 15 2 35 47 1 481 19 84 75 660 2302
RING_END
[  112.393751] mmcblk: sync_swap=1 host_polls=1 -> mmcblk0 BLK_FEAT_SYNCHRONOUS=1 (swapoff/swapon to apply)
ARM s1 run 3
VM0 pswpin=463 pswpout=4089 allocstall_normal=3 pgmajfault=595 swap_ra=20 swap_ra_hit=0 
PAGES 768 resident_after_pageout 0 tries 1
MAJ 5121 2881 1686 1134 1191 1101 1508 1086 1068 1067 1081 1083 1079 1568 1740 1385 1124 1076 1075 1567 1854 1783 1234 1098 1518 1154 1072 1085 1078 1078 1077 1461 1149 1151 1078 1078 1165 1103 1422 1114 1084 1083 1064 1080 1083 1409 1182 1076 1111 1097 1080 1078 1404 1152 1079 1078 1068 1072 1080 1404
MAJOR n=60 min 1064 p50 1101 p90 1686 p99 5121 max 5121 mean 1302 us
MINOR n=0
TOUCHED 60 majflt_delta 60 verify_bad 0
VM1 pswpin=523 pswpout=4862 allocstall_normal=3 pgmajfault=660 swap_ra=20 swap_ra_hit=0 
SDTRACE_BEGIN
ring n=61 med/p90/max us: prep=56/62/451 i2c=55/66/79 c2d=188/203/428 d2x=6/7/29 i2bh=63/70/555 x2bh=12/13/148 bh2st=1/2/77 stophw=28/32/48 stop=40/46/121 st2rd=1/1/2 indrv=367/444/764 rd2po=14/17/1041 po2bl=67/76/375 bl2end=32/37/200 total=481/676/1988 gap=880/1406/1971
since reset n=61 avg us: prep=67 i2c=57 c2d=194 d2x=6 i2bh=73 x2bh=14 bh2st=2 stophw=28 stop=43 st2rd=1 indrv=391 rd2po=30 po2bl=76 bl2end=37 total=537 gap=988
nirq med 4 max 4 avg_x100 352 nbh med 3 max 3 avg_x100 200
SDTRACE_END
RING_BEGIN
seq op blk RW cpu(sub/bh/blk) nirq nbh | prep i2c c2d d2x i2bh x2bh bh2st stophw stop st2rd indrv rd2po po2bl bl2end total gap  (us, newest first, window 0)
65 18 8 R 0/0/0 4 3 | 55 55 188 7 63 12 1 27 41 1 364 13 65 30 473 875
64 18 8 R 0/0/0 3 3 | 56 55 196 6 65 10 1 29 42 1 370 13 66 32 483 872
63 18 8 R 0/0/0 3 3 | 52 54 196 6 59 10 1 28 39 1 363 12 64 28 469 879
62 18 8 R 0/0/0 4 3 | 55 55 181 7 63 12 1 28 40 1 356 13 66 32 467 874
61 18 8 R 0/0/0 4 3 | 54 55 194 6 63 12 1 27 39 1 366 13 66 29 475 877
60 18 8 R 0/0/0 4 3 | 56 56 194 7 64 12 1 27 40 1 371 13 67 32 484 875
59 18 8 R 0/0/0 3 3 | 59 68 174 7 66 9 2 33 46 1 370 14 68 31 485 1269
58 18 8 R 0/0/0 4 3 | 55 55 195 6 63 12 1 28 40 1 369 13 67 32 482 874
57 18 8 R 0/0/0 4 3 | 55 55 194 7 63 12 1 28 40 1 368 13 66 29 478 876
56 18 8 R 0/0/0 3 3 | 55 55 194 6 62 10 1 30 41 1 367 13 67 32 481 871
55 18 8 R 0/0/0 3 3 | 57 65 183 6 60 10 1 33 45 1 372 14 69 29 487 902
54 18 8 R 0/0/0 4 3 | 56 56 173 8 138 15 2 31 44 1 358 17 74 34 484 876
53 18 8 R 0/0/0 4 3 | 56 55 190 7 63 12 1 28 40 1 366 14 67 30 478 884
52 18 8 R 0/0/0 4 3 | 61 66 183 6 64 12 2 31 43 1 379 14 66 35 495 1304
51 18 8 R 0/0/0 3 3 | 55 55 176 6 64 11 1 28 40 1 349 12 68 29 460 884
50 18 8 R 0/0/0 4 3 | 55 55 195 6 63 12 1 28 39 1 368 12 68 32 481 876
49 18 8 R 0/0/0 3 3 | 55 55 192 6 64 9 1 27 39 1 362 13 68 30 475 880
48 18 8 R 0/0/0 4 3 | 55 55 175 6 64 12 1 27 39 1 347 12 67 32 459 877
47 18 8 R 0/0/0 4 3 | 56 56 187 6 63 12 1 27 40 1 362 13 68 30 475 882
46 18 8 R 0/0/0 4 3 | 56 55 197 6 63 12 1 28 39 1 370 12 68 32 484 875
45 18 8 R 0/0/0 4 3 | 59 59 190 7 67 12 2 27 39 1 372 13 71 30 487 941
44 18 8 R 0/0/0 4 3 | 57 56 190 7 62 12 1 28 40 1 367 13 375 37 793 873
43 18 8 R 0/0/0 3 3 | 58 56 190 7 66 10 2 30 41 1 368 14 67 29 480 995
42 18 8 R 0/0/0 3 3 | 57 55 177 6 63 11 1 30 41 1 352 13 66 32 465 878
41 18 8 R 0/0/0 3 3 | 55 56 195 6 63 10 1 29 41 1 370 13 67 30 481 872
40 18 8 R 0/0/0 3 3 | 56 52 181 6 61 10 1 31 43 1 353 13 64 32 463 930
39 18 8 R 0/0/0 4 3 | 56 56 183 6 65 12 1 27 39 1 359 14 68 30 472 958
38 18 8 R 0/0/0 4 3 | 62 69 178 6 64 12 2 26 39 1 373 15 67 34 492 1330
37 18 8 R 0/0/0 4 3 | 55 54 177 6 62 12 1 28 41 1 351 15 66 29 462 876
36 18 8 R 0/0/0 3 3 | 57 64 178 6 57 10 1 26 40 1 361 14 67 32 475 880
35 18 8 R 0/0/0 4 3 | 56 54 178 6 62 15 1 28 41 2 356 14 68 30 469 873
34 18 8 R 0/0/0 3 3 | 57 64 186 6 59 10 1 26 41 1 368 13 67 31 482 871
seq op blk RW cpu(sub/bh/blk) nirq nbh | prep i2c c2d d2x i2bh x2bh bh2st stophw stop st2rd indrv rd2po po2bl bl2end total gap  (us, newest first, window 32)
33 18 8 R 0/0/0 4 3 | 55 65 185 6 59 12 1 25 39 1 367 13 65 30 477 879
32 18 8 R 0/0/0 3 3 | 57 64 183 7 59 9 1 25 38 1 364 14 67 32 478 883
31 18 8 R 0/0/0 4 3 | 59 53 201 6 70 12 2 29 41 1 380 15 68 31 496 1466
30 18 8 R 0/0/0 3 3 | 56 55 195 6 62 9 1 28 40 1 367 14 67 32 480 873
29 18 8 R 0/0/0 4 3 | 58 65 165 7 64 12 2 25 39 1 352 14 68 30 466 1080
28 18 8 R 0/0/0 3 3 | 60 63 183 6 120 13 2 34 47 1 378 16 76 35 506 1760
27 18 8 R 0/0/0 4 3 | 135 42 211 6 55 14 2 30 42 1 456 17 75 35 583 1971
26 18 8 R 0/0/0 3 3 | 59 70 214 9 64 10 2 28 42 1 411 17 218 34 682 1428
25 18 8 R 0/0/0 4 3 | 54 55 197 6 61 12 1 27 39 1 369 13 66 31 481 873
24 18 8 R 0/0/0 3 3 | 55 55 176 7 63 10 1 27 39 1 347 13 65 32 459 885
23 18 8 R 0/0/0 4 3 | 56 55 179 6 61 12 1 27 39 1 354 13 67 32 467 882
22 18 8 R 0/0/0 4 3 | 61 66 180 6 63 12 1 30 42 1 374 13 70 33 492 961
21 18 8 R 0/0/0 4 3 | 61 55 195 6 69 12 77 32 47 1 458 17 160 40 676 1406
20 18 8 R 0/0/0 3 3 | 61 50 203 6 65 10 2 31 43 1 380 14 68 33 496 1103
19 18 8 R 0/0/0 3 2 | 57 55 396 17 555 148 2 48 72 2 752 18 126 35 933 872
18 18 8 R 0/0/0 4 3 | 55 55 189 6 63 12 1 27 39 1 363 14 67 32 478 873
17 18 8 R 0/0/0 3 3 | 55 55 187 6 64 11 2 29 41 1 362 14 69 33 478 875
16 18 8 R 0/0/0 3 3 | 56 56 187 7 65 11 1 28 40 1 362 14 67 32 477 875
15 18 8 R 0/0/0 3 3 | 55 56 175 6 63 9 1 27 38 1 346 14 68 32 462 877
14 18 8 R 0/0/0 4 3 | 55 57 174 6 64 12 1 27 39 1 349 15 67 35 467 878
13 18 8 R 0/0/0 4 3 | 55 55 174 7 64 12 1 27 39 1 347 13 70 32 464 925
12 18 8 R 0/0/0 4 3 | 451 43 206 7 70 11 2 27 40 1 764 19 68 36 887 872
11 18 8 R 0/0/0 3 3 | 57 57 191 6 61 10 2 28 39 1 367 14 72 32 486 898
10 18 8 R 0/0/0 4 3 | 55 55 188 6 61 13 1 28 121 1 444 17 76 34 572 884
9 18 8 R 0/0/0 3 3 | 55 66 188 6 65 11 1 32 43 2 376 14 73 37 502 1013
8 18 8 R 0/0/0 3 3 | 192 51 177 7 64 10 2 25 40 1 483 20 80 38 623 1497
7 13 0 W 0/0/0 1 1 | 0 0 0 0 69 0 0 0 0 0 136 0 0 0 0 2770 (incomplete)
6 13 0 W 0/0/0 1 1 | 0 0 0 0 68 0 0 0 0 0 138 0 0 0 0 2294 (incomplete)
5 25 8 W 0/0/0 3 3 | 71 64 428 29 81 85 2 41 68 2 754 1041 11 180 1988 1140
4 18 8 R 0/0/0 3 3 | 86 79 157 7 91 12 3 35 52 1 400 15 61 200 678 1697
3 18 8 R 0/0/0 3 3 | 78 33 210 7 38 9 2 28 42 1 385 16 36 40 479 0
2 13 0 W 0/0/0 1 1 | 0 0 0 0 66 0 0 0 0 0 119 0 0 0 0 0 (incomplete)
RING_END
RESTORED sync_swap 0
[  119.667689] mmcblk: sync_swap=0 host_polls=1 -> mmcblk0 BLK_FEAT_SYNCHRONOUS=0 (swapoff/swapon to apply)
RUN_DONE
RS_DONE
[2]+  Done(143)                  (trap "kill \"\$__rs_sleep\" 2>/dev/null; wait \"\$__rs_sleep\" 2>/dev/null; exit" TERM INT; sleep 57; ; wait "${__rs_sleep}"; kill -0 ${__rp} 2>/dev/null && echo RS_TIME"K"ILL; kill -9 ${__rp} 2>/dev/null)
[1]+  Done                       sh /tmp/r.sh 2>&1
~ # 
