sh /tmp/r.sh 2>&1 & __rp=$!; ( trap 'kill "$__rs_sleep" 2>/dev/null; wait "$
__rs_sleep" 2>/dev/null; exit' TERM INT; sleep 57 & __rs_sleep=$!; wait "$__rs_s
leep"; kill -0 $__rp 2>/dev/null && { echo RS_TIME"K"ILL; kill -9 $__rp 2>/dev/n
ull; } ) & __rw=$!; wait $__rp 2>/dev/null; kill $__rw 2>/dev/null; wait $__rw 2
>/dev/null; echo RS_DONE
Linux esp32-s31 7.1.10 #377 SMP Thu Sep 24 20:09:38 UTC 2026 riscv32 GNU/Linux
MemAvailable:       4140 kB
SwapTotal:         65532 kB
SwapFree:          64192 kB
page-cluster 2 vma_ra false poll_bytes 16384 sched [none] mq-deadline kyber bfq 
SDLAT_REF /dev/mmcblk0 4k rand n=200: min 1.058  p50 1.809  p90 4.751  p99 12.389  max 12.826 ms   -> 2.16 MB/s at p50
ARM pc2 run 1
VM0 pswpin=6057 pswpout=10143 pgmajfault=7293 swap_ra=2617 swap_ra_hit=1772 
PAGES 768 resident_after_pageout 285 tries 5
MAJ 1429 1126 258 1096 1143 1849 1185 1186 1118 1090 1616 1369 1109 1177 1142 1166 1724 1804 1887 1257 1967 1155 1075 1119 1158 1148 1161 1139 1135 1123 1113 1078 1233 1135 1145 1109 2419 1700 1184 1129 1100 1118 1203 1397 1171 1138 1139 1126 1118 1436 1171 1170 1120 1125 1184 1138 2134 1790 1428 1184
MAJOR n=60 min 258 p50 1158 p90 1804 p99 2419 max 2419 mean 1276 us
MINOR n=41 min 77 p50 118 p90 176 p99 690 max 690 mean 130 us
TOUCHED 60 majflt_delta 60 verify_bad 0
VM1 pswpin=6116 pswpout=10909 pgmajfault=7358 swap_ra=2617 swap_ra_hit=1772 
SDTRACE_BEGIN
ring n=64 med/p90/max us: prep=48/60/286 i2c=54/57/183 c2d=194/335/6044 d2x=6/12/41 i2bh=66/72/399 x2bh=13/24/46 bh2st=3/3/5 stophw=18/22/32 stop=32/36/55 st2rd=1/2/4 indrv=356/531/6301 rd2po=14/20/67 po2bl=78/174/446 bl2end=65/106/917 total=513/837/7332 gap=1138/2313/30101
since reset n=65 avg us: prep=57 i2c=55 c2d=479 d2x=8 i2bh=73 x2bh=15 bh2st=2 stophw=18 stop=32 st2rd=1 indrv=657 rd2po=16 po2bl=102 bl2end=94 total=872 gap=1941
nirq med 4 max 5 avg_x100 363 nbh med 3 max 5 avg_x100 210
SDTRACE_END
RING_BEGIN
seq op blk RW cpu(sub/bh/blk) nirq nbh | prep i2c c2d d2x i2bh x2bh bh2st stophw stop st2rd indrv rd2po po2bl bl2end total gap  (us, newest first, window 0)
65 18 200 R 1/0/1 3 3 | 286 54 5575 40 61 42 4 32 55 3 6062 26 326 917 7332 232
64 18 48 R 1/0/1 3 3 | 238 42 1329 14 89 24 4 25 47 2 1703 66 326 227 2323 102
63 18 8 R 1/1/1 4 4 | 55 146 5942 39 47 43 5 22 50 4 6288 67 343 204 6904 13930
62 18 8 R 1/1/1 5 4 | 60 183 335 15 45 40 3 5 11 1 651 16 91 187 946 4273
61 18 8 R 1/1/1 5 5 | 60 21 383 40 22 5 4 4 13 1 531 14 213 78 837 3690
60 18 8 R 1/1/1 4 4 | 63 43 6044 41 59 46 5 25 50 4 6301 24 111 296 6734 30101
59 18 8 R 0/0/0 3 3 | 49 56 192 6 70 11 3 20 34 1 356 14 85 63 520 1040
58 18 8 R 0/0/0 3 3 | 72 44 195 9 62 11 3 17 29 1 368 20 83 75 546 2313
57 18 8 R 0/0/0 3 3 | 54 58 197 11 151 13 3 19 32 1 373 19 94 75 562 1894
56 18 8 R 0/0/0 3 3 | 54 53 200 9 68 11 2 17 30 1 363 16 73 79 532 1453
55 18 8 R 0/0/0 4 3 | 46 55 197 5 65 13 3 18 33 1 357 13 75 64 509 904
54 18 8 R 0/0/0 4 3 | 45 36 209 5 45 17 3 18 32 1 351 12 77 63 506 959
53 18 8 R 0/0/0 4 3 | 46 54 197 5 65 14 3 18 33 1 355 13 75 63 508 896
52 18 8 R 0/0/0 4 3 | 48 55 181 5 66 13 3 18 32 1 341 12 77 61 493 928
51 18 8 R 0/0/0 4 3 | 47 54 194 5 65 14 3 18 32 1 353 13 77 73 517 915
50 18 8 R 0/0/0 4 3 | 50 54 193 6 71 13 3 17 31 1 355 15 84 67 522 1771
49 18 8 R 0/0/0 4 3 | 47 53 195 5 66 13 2 17 31 2 351 14 75 64 505 1143
48 18 8 R 0/0/0 4 3 | 48 54 193 5 68 14 2 17 29 1 350 13 79 61 505 1354
47 18 8 R 0/0/0 4 3 | 46 54 193 5 66 14 2 18 32 1 351 13 75 63 503 905
46 18 8 R 0/0/0 4 3 | 47 54 200 5 66 14 2 17 32 1 359 13 78 60 513 907
45 18 8 R 0/0/0 4 3 | 48 53 199 5 66 14 2 17 31 1 357 13 76 64 511 910
44 18 8 R 0/0/0 4 3 | 48 54 206 5 66 13 2 17 31 1 365 13 77 64 520 944
43 18 8 R 0/0/0 3 2 | 45 57 355 12 399 39 2 28 47 1 562 19 92 101 774 1138
42 18 8 R 0/0/0 3 3 | 48 56 194 5 68 11 3 19 33 1 354 13 78 61 507 972
41 18 8 R 0/0/0 3 3 | 47 55 181 6 74 10 2 19 33 1 339 13 76 63 493 911
40 18 8 R 0/0/0 4 3 | 48 56 175 6 63 13 2 17 32 1 335 13 80 62 492 1135
39 18 8 R 0/0/0 3 3 | 46 54 194 8 65 11 2 16 28 1 347 14 75 64 501 913
38 18 8 R 0/0/0 3 3 | 53 55 196 9 70 10 2 17 29 1 359 15 82 65 522 1042
37 18 8 R 0/0/0 4 3 | 58 53 197 10 71 13 2 18 30 1 369 19 86 81 556 2813
36 18 8 R 0/0/0 4 3 | 48 53 204 6 65 13 3 18 35 1 366 16 74 276 733 902
35 18 8 R 0/0/0 4 3 | 47 51 192 6 65 14 3 19 32 1 349 15 79 60 506 1133
34 18 8 R 0/0/0 4 3 | 45 39 191 6 49 19 3 21 35 1 342 14 77 65 499 1187
seq op blk RW cpu(sub/bh/blk) nirq nbh | prep i2c c2d d2x i2bh x2bh bh2st stophw stop st2rd indrv rd2po po2bl bl2end total gap  (us, newest first, window 32)
33 18 8 R 0/0/0 4 3 | 48 52 201 5 66 13 3 18 32 1 360 14 79 59 514 905
32 18 8 R 0/0/0 4 3 | 51 56 192 6 71 14 3 18 32 1 359 16 78 74 529 1664
31 18 8 R 0/0/0 4 3 | 47 54 175 5 64 14 2 18 32 1 334 14 78 61 487 1124
30 18 8 R 0/0/0 3 3 | 47 54 176 5 65 11 3 19 33 1 333 14 73 65 486 907
29 18 8 R 0/0/0 3 3 | 47 53 193 5 67 13 2 18 30 1 348 13 76 60 499 909
28 18 8 R 0/0/0 3 3 | 47 53 189 5 69 12 3 18 31 1 345 13 74 65 498 928
27 18 8 R 0/0/0 4 3 | 47 55 197 5 66 15 2 18 32 1 358 13 79 60 511 908
26 18 8 R 0/0/0 3 3 | 51 53 177 6 71 12 2 18 33 1 339 16 78 76 511 2037
25 18 8 R 0/0/0 4 3 | 48 55 203 5 64 13 3 17 31 1 363 14 75 65 518 908
24 18 8 R 0/0/0 4 3 | 47 45 212 5 53 15 3 19 33 1 364 14 78 63 521 1173
23 18 8 R 0/0/0 3 3 | 46 54 182 5 66 12 3 18 33 1 340 13 75 65 494 898
22 18 8 R 0/0/0 4 3 | 50 55 177 5 66 13 3 17 31 1 339 14 80 60 494 1359
21 18 8 R 0/0/0 4 3 | 53 56 194 6 72 14 3 18 33 1 363 17 78 68 528 2048
20 18 8 R 0/0/0 3 3 | 49 56 194 7 71 11 4 21 36 2 363 15 446 106 931 1412
19 18 8 R 0/0/0 3 2 | 55 56 182 10 213 28 3 22 36 1 374 21 92 75 562 1582
18 18 8 R 0/0/0 3 3 | 71 40 217 6 59 11 3 19 32 1 385 19 174 76 655 1811
17 18 8 R 0/0/0 3 3 | 57 54 201 8 69 11 3 19 33 2 372 16 193 75 658 1655
16 18 8 R 0/0/0 4 3 | 49 56 186 8 62 12 3 15 29 2 349 16 77 81 525 2746
15 18 8 R 0/0/0 3 3 | 48 56 199 5 64 10 2 17 32 1 357 13 74 63 510 965
14 18 8 R 0/0/0 4 3 | 47 55 195 5 65 14 2 18 32 1 355 14 78 62 510 912
13 18 8 R 0/0/0 4 3 | 48 52 177 5 64 13 2 17 30 1 332 13 78 64 489 970
12 18 8 R 0/0/0 3 3 | 49 54 180 6 67 11 3 16 28 2 335 14 82 64 496 1287
11 18 8 R 0/0/0 4 3 | 51 54 181 6 69 13 3 18 32 1 345 16 87 74 522 1411
10 18 8 R 0/0/0 3 3 | 46 58 174 5 64 10 3 17 28 1 329 13 75 64 483 1631
9 18 8 R 0/0/0 4 3 | 46 54 177 5 65 15 2 16 28 1 332 13 75 65 486 1338
8 18 8 R 0/0/0 4 3 | 45 55 180 5 63 14 2 15 27 1 333 12 75 64 486 910
7 18 8 R 0/0/0 3 3 | 53 26 233 5 42 12 3 21 35 1 372 14 74 66 527 1201
6 18 8 R 0/0/0 4 3 | 49 54 175 5 66 14 2 17 34 1 337 14 83 62 497 1160
5 18 8 R 0/0/0 4 3 | 70 69 170 7 76 21 2 23 42 1 385 32 110 100 629 2059
4 18 8 R 0/0/0 3 3 | 47 53 192 5 67 10 3 19 34 1 348 14 81 62 506 982
3 18 8 R 0/0/0 4 3 | 46 59 190 5 66 13 2 19 35 1 355 13 76 64 510 1492
2 18 8 R 0/0/0 3 3 | 49 54 203 6 67 10 2 20 36 1 364 14 76 66 522 1179
RING_END
ARM pc0 run 1
VM0 pswpin=6116 pswpout=10909 pgmajfault=7358 swap_ra=2617 swap_ra_hit=1772 
PAGES 768 resident_after_pageout 206 tries 5
MAJ 1301 1242 1098 2812 1938 1439 1273 1742 1119 1125 1102 1089 1135 1731 1107 2198 1357 1115 1761 1416 1167 1206 1087 1105 1891 1151 1136 1139 1103 1100 1506 1163 1120 1132 1110 1172 1119 1421 1095 1099 1084 1126 1511 2022 1848 1504 1183 1142 1462 1160 1086 1181 1117 1098 1103 1599 1118 1126 1108 1106
MAJOR n=60 min 1084 p50 1142 p90 1848 p99 2812 max 2812 mean 1313 us
MINOR n=18 min 79 p50 122 p90 154 p99 227 max 227 mean 122 us
TOUCHED 60 majflt_delta 60 verify_bad 0
VM1 pswpin=6176 pswpout=11681 pgmajfault=7427 swap_ra=2617 swap_ra_hit=1772 
SDTRACE_BEGIN
ring n=62 med/p90/max us: prep=48/63/147 i2c=55/69/113 c2d=184/303/6007 d2x=6/10/42 i2bh=65/92/510 x2bh=13/18/79 bh2st=3/3/7 stophw=18/22/30 stop=32/36/49 st2rd=1/2/3 indrv=352/473/6246 rd2po=13/20/25 po2bl=78/117/406 bl2end=65/83/182 total=507/779/6563 gap=955/1880/25627
since reset n=62 avg us: prep=53 i2c=57 c2d=296 d2x=7 i2bh=82 x2bh=15 bh2st=2 stophw=18 stop=32 st2rd=1 indrv=470 rd2po=14 po2bl=97 bl2end=72 total=656 gap=1553
nirq med 4 max 5 avg_x100 366 nbh med 3 max 4 avg_x100 198
SDTRACE_END
RING_BEGIN
seq op blk RW cpu(sub/bh/blk) nirq nbh | prep i2c c2d d2x i2bh x2bh bh2st stophw stop st2rd indrv rd2po po2bl bl2end total gap  (us, newest first, window 0)
62 18 8 R 1/1/1 5 4 | 61 40 364 17 51 79 3 10 18 1 587 19 94 77 779 3041
61 18 8 R 1/1/1 4 4 | 62 43 6007 42 55 34 4 25 47 3 6246 22 122 171 6563 25627
60 18 8 R 0/0/0 4 3 | 47 54 178 5 64 13 3 17 30 1 336 12 75 65 490 892
59 18 8 R 0/0/0 3 3 | 47 55 195 6 64 10 3 19 33 1 353 12 78 61 505 890
58 18 8 R 0/0/0 4 3 | 46 53 187 6 64 14 3 18 32 1 346 12 76 65 501 899
57 18 8 R 0/0/0 4 3 | 47 55 176 5 65 13 3 17 30 1 334 12 78 62 488 932
56 18 8 R 0/0/0 4 3 | 50 54 176 6 68 13 3 16 29 1 335 13 96 78 524 1341
55 18 8 R 0/0/0 4 3 | 47 55 176 5 63 13 2 18 33 1 336 13 78 60 488 896
54 18 8 R 0/0/0 3 3 | 47 55 174 5 64 11 2 17 29 1 328 12 75 64 481 896
53 18 8 R 0/0/0 4 3 | 46 55 193 6 65 13 2 16 30 1 349 12 78 62 503 896
52 18 8 R 0/0/0 3 3 | 47 55 176 5 66 11 2 18 34 1 336 13 74 67 491 969
51 18 8 R 0/0/0 4 3 | 46 53 179 5 64 13 3 18 33 1 337 12 81 63 494 1128
50 18 8 R 0/0/0 4 3 | 48 55 198 5 67 13 3 17 31 1 358 12 78 69 519 952
49 18 8 R 0/0/0 3 3 | 49 56 452 12 64 17 3 21 36 2 629 20 95 73 818 901
48 18 8 R 0/0/0 3 3 | 50 56 193 6 65 10 2 18 32 2 354 13 80 66 516 923
47 18 8 R 0/0/0 4 3 | 48 69 172 6 92 13 2 18 31 1 346 14 88 63 513 1094
46 18 8 R 0/0/0 4 3 | 147 40 204 9 59 14 2 18 32 2 452 19 82 75 630 1673
45 18 8 R 0/0/0 4 3 | 53 54 192 9 66 15 3 18 32 1 362 15 87 182 649 1905
44 18 8 R 0/0/0 3 2 | 50 69 463 14 510 40 2 21 39 1 681 20 277 83 1062 900
43 18 8 R 0/0/0 3 2 | 85 109 133 9 110 24 5 22 38 3 409 23 103 81 618 1217
42 18 8 R 0/0/0 3 3 | 45 54 194 5 65 11 3 19 33 1 350 13 75 63 501 890
41 18 8 R 0/0/0 3 3 | 45 53 182 5 64 12 3 17 29 1 333 13 78 63 488 1335
40 18 8 R 0/0/0 4 3 | 46 54 196 6 65 14 3 18 32 1 356 13 76 64 511 1123
39 18 8 R 0/0/0 3 3 | 46 54 172 8 67 12 3 20 34 1 333 15 75 67 491 1163
38 18 8 R 0/0/0 3 2 | 49 54 377 14 424 43 5 30 49 1 595 20 94 77 787 896
37 18 8 R 0/0/0 4 3 | 48 53 177 6 66 13 2 18 34 1 338 13 78 67 498 942
36 18 8 R 0/0/0 3 3 | 48 54 202 5 65 10 3 19 34 1 360 16 80 60 518 895
35 18 8 R 0/0/0 4 3 | 46 53 181 5 65 13 2 17 31 1 336 14 78 67 496 897
34 18 8 R 0/0/0 3 3 | 47 55 178 5 64 13 2 18 33 1 337 13 79 61 492 920
33 18 8 R 0/0/0 4 3 | 47 55 193 5 65 14 2 16 27 1 348 13 77 65 506 898
32 18 8 R 0/0/0 3 3 | 52 57 184 6 67 12 2 18 35 3 354 19 82 65 521 955
31 18 8 R 0/0/0 4 3 | 47 55 197 5 64 13 3 18 32 1 357 14 406 84 862 894
seq op blk RW cpu(sub/bh/blk) nirq nbh | prep i2c c2d d2x i2bh x2bh bh2st stophw stop st2rd indrv rd2po po2bl bl2end total gap  (us, newest first, window 32)
30 18 8 R 0/0/0 4 3 | 48 53 177 5 63 13 3 15 27 1 331 14 78 60 484 899
29 18 8 R 0/0/0 4 3 | 46 54 193 6 62 14 3 18 32 1 352 13 76 63 505 1133
28 18 8 R 0/0/0 4 3 | 48 56 182 5 63 13 3 17 31 1 343 13 79 60 496 922
27 18 8 R 0/0/0 4 3 | 63 60 174 6 64 13 3 16 28 1 350 13 76 62 502 941
26 18 8 R 0/0/0 3 3 | 49 58 195 5 64 11 3 19 32 1 357 13 79 63 514 982
25 18 8 R 0/0/0 3 2 | 83 99 136 7 160 19 6 25 38 2 393 25 124 102 645 1463
24 18 8 R 0/0/0 4 3 | 49 53 187 5 65 13 2 17 34 1 347 14 81 63 507 1128
23 18 8 R 0/0/0 3 3 | 45 55 192 5 66 10 3 20 33 1 346 13 75 62 498 1351
22 18 8 R 0/0/0 4 3 | 47 55 196 5 65 13 2 17 33 1 356 13 101 110 581 900
21 18 8 R 0/0/0 4 3 | 46 56 184 6 68 13 2 17 30 1 342 14 78 60 497 1429
20 18 8 R 0/0/0 3 3 | 67 55 193 6 72 12 3 19 34 1 374 14 81 73 545 1880
19 18 8 R 0/0/0 4 3 | 47 53 182 5 63 14 3 18 32 1 340 13 77 59 491 905
18 18 8 R 0/0/0 4 3 | 48 54 175 6 66 14 3 17 29 1 333 14 78 64 491 951
17 18 8 R 0/0/0 4 3 | 57 59 186 6 77 13 3 17 30 1 359 16 86 79 542 2136
16 18 8 R 0/0/0 4 3 | 51 55 181 6 65 13 3 18 32 2 346 13 76 63 499 897
15 18 8 R 0/0/0 4 3 | 46 55 196 5 65 15 3 16 27 1 351 13 78 61 505 1369
14 18 8 R 0/0/0 4 3 | 75 73 171 9 86 14 7 30 48 2 402 17 117 120 658 1259
13 18 8 R 0/0/0 4 3 | 49 54 194 5 64 14 2 18 31 1 353 13 75 61 503 1388
12 18 8 R 0/0/0 4 3 | 47 54 178 5 64 13 2 16 28 1 332 13 76 64 487 1136
11 18 8 R 0/0/0 3 3 | 46 54 180 6 65 12 2 17 28 1 332 13 73 62 481 902
10 18 8 R 0/0/0 3 3 | 46 52 200 5 63 11 2 19 32 1 353 13 78 62 507 899
9 18 8 R 0/0/0 4 3 | 47 54 175 5 66 13 2 18 36 1 336 13 75 62 488 943
8 18 8 R 0/0/0 4 3 | 61 80 165 6 95 13 2 17 30 1 363 16 80 73 533 1724
7 18 8 R 0/0/0 4 3 | 48 53 315 8 67 14 3 16 28 2 474 13 85 61 634 956
6 18 8 R 0/0/0 3 3 | 54 52 303 10 71 11 3 22 35 1 473 19 98 74 665 2153
5 18 8 R 0/0/0 4 3 | 56 52 181 9 66 15 2 18 33 1 352 17 191 80 641 1978
4 18 8 R 0/0/0 4 3 | 72 113 139 11 87 18 3 22 36 1 396 25 371 76 870 1830
3 18 8 R 0/0/0 4 3 | 46 55 177 6 64 13 2 18 32 1 336 14 75 66 491 1155
2 18 8 R 0/0/0 4 3 | 47 56 296 6 67 13 2 17 30 1 454 13 78 67 614 928
1 18 8 R 0/0/0 3 3 | 63 71 168 8 128 10 3 18 33 2 360 18 92 78 550 0
RING_END
ARM pc2 run 2
VM0 pswpin=6176 pswpout=11681 pgmajfault=7427 swap_ra=2617 swap_ra_hit=1772 
PAGES 768 resident_after_pageout 276 tries 5
MAJ 1730 1148 1119 1089 1081 1547 2513 1406 1127 1138 1093 1312 1108 1119 1122 1110 1103 1638 1105 1139 1100 1079 1098 1806 1351 1103 1098 1086 1117 1936 1429 1194 1110 1145 1131 1866 1881 1276 1122 1632 1106 1091 1091 1107 1088 1173 1123 1157 1104 1337 1103 1631 1097 1098 1091 1114 1106 1470 1334 1104
MAJOR n=60 min 1079 p50 1122 p90 1730 p99 2513 max 2513 mean 1264 us
MINOR n=33 min 78 p50 126 p90 179 p99 489 max 489 mean 139 us
TOUCHED 60 majflt_delta 60 verify_bad 0
VM1 pswpin=6237 pswpout=12446 pgmajfault=7497 swap_ra=2618 swap_ra_hit=1772 
SDTRACE_BEGIN
ring n=60 med/p90/max us: prep=48/56/149 i2c=54/56/60 c2d=189/196/252 d2x=6/8/10 i2bh=66/71/173 x2bh=13/15/24 bh2st=3/3/5 stophw=18/20/23 stop=32/36/110 st2rd=1/2/2 indrv=346/369/531 rd2po=14/20/363 po2bl=79/92/406 bl2end=64/80/373 total=502/659/950 gap=946/1891/2134
since reset n=60 avg us: prep=50 i2c=53 c2d=187 d2x=5 i2bh=70 x2bh=13 bh2st=2 stophw=18 stop=33 st2rd=1 indrv=351 rd2po=20 po2bl=89 bl2end=72 total=534 gap=1165
nirq med 4 max 4 avg_x100 361 nbh med 3 max 3 avg_x100 198
SDTRACE_END
RING_BEGIN
seq op blk RW cpu(sub/bh/blk) nirq nbh | prep i2c c2d d2x i2bh x2bh bh2st stophw stop st2rd indrv rd2po po2bl bl2end total gap  (us, newest first, window 0)
60 18 8 R 0/0/0 4 3 | 46 54 196 6 66 13 2 17 31 1 352 13 76 64 507 1350
59 18 8 R 0/0/0 4 3 | 49 54 193 6 69 13 2 18 32 1 354 15 78 69 518 1515
58 18 8 R 0/0/0 4 3 | 46 54 172 5 65 14 3 19 36 1 336 13 75 64 489 893
57 18 8 R 0/0/0 3 3 | 46 54 196 6 64 10 3 20 36 1 354 12 79 59 507 881
56 18 8 R 0/0/0 4 3 | 47 54 186 5 65 14 3 16 28 1 342 13 75 64 495 895
55 18 8 R 0/0/0 3 3 | 46 54 186 5 65 10 3 18 30 1 338 13 78 60 491 883
54 18 8 R 0/0/0 4 3 | 48 54 172 5 72 14 3 16 27 1 328 13 74 64 481 889
53 18 8 R 0/0/0 3 3 | 45 51 190 5 60 13 3 19 35 1 347 13 79 61 502 1253
52 18 8 R 0/0/0 4 3 | 57 52 192 6 68 14 3 19 33 2 362 16 82 80 541 1594
51 18 8 R 0/0/0 3 3 | 48 54 189 5 66 10 3 16 28 1 342 12 78 60 494 946
50 18 8 R 0/0/0 4 3 | 48 54 193 10 116 24 5 23 37 2 376 26 134 127 665 896
49 18 8 R 0/0/0 4 3 | 46 55 185 5 66 14 2 18 33 1 344 14 78 60 496 888
48 18 8 R 0/0/0 4 3 | 48 55 195 5 66 14 2 18 33 2 357 13 76 64 511 927
47 18 8 R 0/0/0 3 3 | 48 55 187 6 66 10 2 18 33 1 346 12 82 60 501 906
46 18 8 R 0/0/0 4 3 | 50 55 189 6 70 14 2 18 33 1 353 14 79 76 524 1918
45 18 8 R 0/0/0 4 3 | 48 53 176 5 65 14 3 19 36 1 340 13 79 62 495 1123
44 18 8 R 0/0/0 3 3 | 49 54 172 5 65 11 3 19 33 1 332 13 77 65 487 900
43 18 8 R 0/0/0 3 3 | 45 58 181 5 65 10 3 21 37 1 345 13 78 60 497 1527
42 18 8 R 0/0/0 3 3 | 47 54 187 6 65 11 3 16 28 1 340 13 77 64 495 1341
41 18 8 R 0/0/0 4 3 | 52 56 175 6 69 15 3 16 27 1 338 14 80 61 495 1420
40 18 8 R 0/0/0 3 3 | 50 53 181 5 64 11 2 20 34 1 341 363 120 125 950 902
39 18 8 R 0/0/0 3 3 | 48 56 192 8 67 10 2 18 32 1 353 15 82 64 515 1235
38 18 8 R 0/0/0 3 2 | 53 57 192 10 173 19 2 21 35 2 374 20 92 77 564 1570
37 18 8 R 0/0/0 3 3 | 71 46 201 6 58 11 3 19 32 1 376 18 186 77 659 1807
36 18 8 R 0/0/0 3 3 | 149 39 205 9 65 13 2 18 110 1 531 24 87 79 722 2001
35 18 8 R 0/0/0 3 3 | 46 55 190 5 66 11 3 19 33 1 347 15 77 64 505 939
34 18 8 R 0/0/0 4 3 | 47 53 196 5 65 14 2 17 32 1 355 13 83 61 515 1123
33 18 8 R 0/0/0 4 3 | 46 54 176 5 66 13 2 18 34 1 334 13 85 64 498 898
32 18 8 R 0/0/0 4 3 | 49 54 185 7 70 13 2 18 32 1 347 14 83 64 509 1760
31 18 8 R 0/0/0 3 3 | 52 50 198 6 67 10 3 20 34 2 359 20 89 75 544 1976
30 18 8 R 0/0/0 3 3 | 46 55 189 6 64 10 3 20 34 1 348 14 406 71 840 881
29 18 8 R 0/0/0 4 3 | 47 57 182 5 64 13 3 17 31 2 344 13 78 65 502 895
seq op blk RW cpu(sub/bh/blk) nirq nbh | prep i2c c2d d2x i2bh x2bh bh2st stophw stop st2rd indrv rd2po po2bl bl2end total gap  (us, newest first, window 32)
28 18 8 R 0/0/0 4 3 | 47 54 190 6 64 13 3 16 29 1 346 13 78 61 498 1120
27 18 8 R 0/0/0 4 3 | 46 54 172 5 64 13 3 17 33 1 331 12 77 64 486 892
26 18 8 R 0/0/0 4 3 | 48 55 182 6 66 14 3 17 31 1 343 13 86 61 505 1204
25 18 8 R 0/0/0 4 3 | 51 41 207 8 161 17 3 20 33 1 365 19 91 79 556 1705
24 18 8 R 0/0/0 4 3 | 48 55 191 6 66 14 3 17 32 1 353 14 78 373 819 898
23 18 8 R 0/0/0 3 3 | 48 56 171 5 65 10 3 19 33 1 331 14 78 62 486 887
22 18 8 R 0/0/0 4 3 | 49 55 177 6 65 13 3 18 31 1 339 13 78 59 491 1327
21 18 8 R 0/0/0 4 3 | 45 57 184 5 65 13 3 17 31 1 343 13 80 61 499 888
20 18 8 R 0/0/0 4 3 | 47 55 195 6 67 18 4 20 38 1 369 16 78 60 524 888
19 18 8 R 0/0/0 4 3 | 46 55 171 5 64 13 3 19 33 1 331 14 81 62 490 923
18 18 8 R 0/0/0 3 3 | 49 54 195 6 71 11 3 20 32 1 354 16 79 69 520 1636
17 18 8 R 0/0/0 3 3 | 46 55 177 6 67 11 2 18 33 1 334 13 77 61 487 893
16 18 8 R 0/0/0 3 3 | 46 54 192 6 66 11 2 19 33 1 350 13 78 62 504 886
15 18 8 R 0/0/0 4 3 | 46 54 182 6 66 13 2 18 31 1 338 12 80 63 494 942
14 18 8 R 0/0/0 4 3 | 46 55 192 6 66 13 2 18 32 1 350 12 77 61 502 896
13 18 8 R 0/0/0 4 3 | 46 53 191 5 66 13 2 18 32 2 348 13 79 62 503 1158
12 18 8 R 0/0/0 4 3 | 56 56 186 6 68 13 2 17 31 1 355 15 82 70 523 1891
11 18 8 R 0/0/0 4 3 | 46 53 177 6 63 14 2 17 32 1 335 13 80 62 491 889
10 18 8 R 0/0/0 4 3 | 48 55 190 5 64 14 2 15 26 1 345 12 77 65 501 912
9 18 8 R 0/0/0 4 3 | 50 55 175 6 67 15 2 17 29 1 337 14 86 63 501 966
8 18 8 R 0/0/0 4 3 | 57 51 193 10 68 14 2 16 28 2 362 17 89 72 542 2134
7 18 8 R 0/0/0 3 3 | 54 53 196 9 68 12 3 17 30 1 360 20 86 81 548 1967
6 18 8 R 0/0/0 3 3 | 48 54 172 5 67 11 2 18 31 1 327 14 78 63 484 1187
5 18 8 R 0/0/0 4 3 | 45 55 172 5 65 14 2 18 33 1 330 15 75 64 485 1144
4 18 8 R 0/0/0 3 3 | 46 54 170 5 70 11 2 18 31 1 324 14 77 62 478 891
3 18 8 R 0/0/0 4 3 | 46 53 185 5 69 15 2 18 30 1 342 14 80 62 499 901
2 18 8 R 0/0/0 4 3 | 50 55 194 5 70 13 2 18 32 1 357 14 81 64 517 1001
1 18 16 R 0/0/0 4 3 | 66 60 252 8 76 14 2 17 30 2 437 18 94 82 633 0
RING_END
ARM pc0 run 2
VM0 pswpin=6237 pswpout=12446 pgmajfault=7497 swap_ra=2618 swap_ra_hit=1772 
PAGES 768 resident_after_pageout 386 tries 5
MAJ 7428 1866 1336 1163 1665 1293 1394 1143 1113 1106 1260 1204 1104 1107 1091 1752 1155 1112 1086 1138 1240 1215 1105 1103 1110 1108 1616 1119 1112 1145 1151 1107 1221 1118 1138 2337 1189 2296 1733 1858 1356 1624 1132 1120 1083 1196 1129 1541 1104 1085 2325 1693 1146 1167 1137 1169 1131 1120 1262 1132
MAJOR n=60 min 1083 p50 1151 p90 1858 p99 7428 max 7428 mean 1403 us
MINOR n=59 min 75 p50 116 p90 194 p99 671 max 671 mean 130 us
TOUCHED 60 majflt_delta 60 verify_bad 0
VM1 pswpin=6297 pswpout=13224 pgmajfault=7565 swap_ra=2618 swap_ra_hit=1772 
SDTRACE_BEGIN
ring n=60 med/p90/max us: prep=49/61/424 i2c=55/60/66 c2d=182/201/5855 d2x=6/9/43 i2bh=67/74/142 x2bh=13/15/43 bh2st=3/3/4 stophw=17/20/28 stop=32/36/52 st2rd=1/2/3 indrv=348/396/6125 rd2po=14/20/29 po2bl=78/93/106 bl2end=67/87/433 total=514/657/6434 gap=1144/2181/4696
since reset n=60 avg us: prep=58 i2c=55 c2d=281 d2x=7 i2bh=70 x2bh=13 bh2st=2 stophw=17 stop=31 st2rd=1 indrv=455 rd2po=15 po2bl=80 bl2end=90 total=642 gap=1355
nirq med 4 max 4 avg_x100 378 nbh med 3 max 4 avg_x100 203
SDTRACE_END
RING_BEGIN
seq op blk RW cpu(sub/bh/blk) nirq nbh | prep i2c c2d d2x i2bh x2bh bh2st stophw stop st2rd indrv rd2po po2bl bl2end total gap  (us, newest first, window 0)
60 18 8 R 0/0/0 4 3 | 48 56 177 5 67 13 2 17 35 1 341 12 77 64 495 923
59 18 8 R 0/0/0 4 3 | 54 54 201 8 71 13 2 18 33 1 370 15 81 73 542 1444
58 18 8 R 0/0/0 4 3 | 49 54 176 5 67 14 3 18 32 1 337 13 74 65 491 908
57 18 8 R 0/0/0 4 3 | 48 55 186 8 65 13 3 17 32 1 349 13 76 65 505 902
56 18 8 R 0/0/0 4 3 | 47 60 169 8 67 13 3 18 33 1 337 12 75 65 490 972
55 18 8 R 0/0/0 4 3 | 46 54 192 5 66 13 3 16 28 1 347 16 78 67 509 935
54 18 8 R 0/0/0 4 3 | 50 56 186 6 67 13 3 18 32 1 351 13 74 79 519 901
53 18 8 R 0/0/0 4 3 | 48 56 181 5 65 13 3 16 29 1 340 13 78 65 498 946
52 18 8 R 0/0/0 4 3 | 66 64 167 8 71 15 3 18 32 1 360 21 81 87 550 4696
51 18 8 R 0/0/0 4 3 | 52 60 165 5 66 15 3 19 35 1 339 12 76 67 496 1175
50 18 8 R 0/0/0 4 3 | 46 54 179 6 65 14 3 16 29 1 336 13 73 65 489 1130
49 18 8 R 0/0/0 3 3 | 49 54 186 5 67 12 3 16 29 1 342 13 77 65 499 1179
48 18 8 R 0/0/0 3 3 | 424 58 180 8 108 11 3 21 37 1 727 19 84 81 912 1415
47 18 8 R 0/0/0 4 3 | 48 54 174 5 65 13 2 15 28 1 329 12 93 68 504 945
46 18 8 R 0/0/0 3 3 | 47 54 199 5 65 11 3 19 34 1 356 12 74 65 509 966
45 18 8 R 0/0/0 4 3 | 47 54 175 5 66 13 2 16 27 1 328 12 77 65 483 1352
44 18 8 R 0/0/0 4 3 | 48 54 175 6 67 13 2 18 35 1 337 12 76 64 492 907
43 18 8 R 0/0/0 4 3 | 55 54 178 8 69 14 2 16 28 1 343 16 84 70 514 1521
42 18 8 R 0/0/0 4 3 | 49 55 179 5 68 13 3 18 35 2 344 13 81 395 835 1002
41 18 8 R 0/0/0 4 3 | 52 61 167 9 71 14 3 19 34 1 344 19 85 81 530 1931
40 18 8 R 0/0/0 3 3 | 54 49 196 9 69 12 2 21 34 1 359 16 83 197 657 1921
39 18 8 R 0/0/0 3 3 | 136 36 204 10 142 13 3 19 32 2 438 24 95 74 632 1657
38 18 8 R 0/0/0 3 3 | 94 66 183 8 74 9 2 16 28 1 396 21 78 81 578 1508
37 18 8 R 0/0/0 4 3 | 56 60 168 8 74 13 3 17 33 1 346 19 85 80 532 2428
36 18 8 R 0/0/0 4 3 | 50 60 167 8 67 13 3 16 29 1 334 22 78 69 505 1168
35 18 8 R 0/0/0 4 3 | 51 55 183 5 73 14 2 18 32 1 347 15 78 73 514 902
34 18 8 R 0/0/0 4 3 | 48 55 176 5 66 15 2 16 32 1 339 13 78 64 495 902
33 18 8 R 0/0/0 4 3 | 52 54 176 9 68 14 2 16 32 1 344 17 85 72 519 2143
32 18 8 R 0/0/0 4 3 | 47 54 201 6 66 13 3 18 34 1 362 13 76 66 518 1127
31 18 8 R 0/0/0 4 3 | 65 55 192 5 64 14 3 18 34 1 372 14 79 67 534 1151
30 18 8 R 0/0/0 4 3 | 47 54 191 5 66 13 3 19 36 1 353 14 75 87 530 898
29 18 8 R 0/0/0 4 3 | 48 54 182 7 66 15 3 20 39 2 354 15 82 66 519 1550
seq op blk RW cpu(sub/bh/blk) nirq nbh | prep i2c c2d d2x i2bh x2bh bh2st stophw stop st2rd indrv rd2po po2bl bl2end total gap  (us, newest first, window 32)
28 18 8 R 0/0/0 4 3 | 52 55 176 9 71 14 3 17 28 1 341 17 82 67 508 1272
27 18 8 R 0/0/0 3 3 | 48 56 202 5 65 11 2 19 35 1 364 13 77 423 878 914
26 18 8 R 0/0/0 4 3 | 47 57 168 5 65 13 2 17 33 1 331 13 73 64 482 902
25 18 8 R 0/0/0 4 3 | 48 59 169 7 66 13 2 16 27 1 331 13 75 62 483 900
24 18 8 R 0/0/0 4 3 | 47 59 193 8 65 13 2 16 27 1 353 14 76 65 509 1135
23 18 8 R 0/0/0 3 3 | 50 55 175 5 66 10 3 17 29 1 331 17 77 66 493 2045
22 18 8 R 0/0/0 4 3 | 51 55 175 9 69 13 2 16 32 1 343 16 79 71 510 1986
21 18 8 R 0/0/0 4 3 | 52 58 185 5 69 13 3 19 35 2 358 15 97 66 537 998
20 18 8 R 0/0/0 4 3 | 49 55 183 7 67 16 4 22 40 1 359 16 98 68 542 1125
19 18 8 R 0/0/0 4 3 | 49 57 173 6 64 15 3 16 28 1 337 13 74 67 493 1397
18 18 8 R 0/0/0 4 3 | 49 55 191 6 66 14 3 16 28 1 350 13 76 58 499 891
17 18 8 R 0/0/0 4 3 | 52 54 193 5 66 14 3 16 31 1 358 12 77 68 517 945
16 18 8 R 0/0/0 4 3 | 61 56 173 8 67 14 3 16 29 2 348 17 87 68 522 2181
15 18 8 R 0/0/0 4 3 | 47 56 174 5 65 13 2 16 29 1 332 13 74 65 485 1243
14 18 8 R 0/0/0 4 3 | 48 55 180 5 66 14 2 16 27 1 336 13 75 63 488 895
13 18 8 R 0/0/0 4 3 | 47 54 175 5 65 14 2 15 28 1 331 13 73 68 486 906
12 18 8 R 0/0/0 4 3 | 48 54 199 6 66 14 2 16 27 1 353 13 78 67 513 1267
11 18 8 R 0/0/0 3 3 | 55 52 176 9 71 10 3 18 32 1 341 16 80 77 516 2502
10 18 8 R 0/0/0 4 3 | 48 54 195 5 65 13 3 16 29 1 352 13 77 63 506 1774
9 18 8 R 0/0/0 3 3 | 47 53 194 8 66 11 3 19 36 1 355 13 74 67 512 1144
8 18 8 R 0/0/0 4 3 | 48 53 192 7 66 13 3 18 34 1 356 13 77 62 509 1209
7 18 8 R 0/0/0 4 3 | 47 54 318 5 66 13 3 16 28 1 473 17 75 68 634 918
6 18 8 R 0/0/0 3 3 | 53 58 289 8 69 12 3 18 30 2 458 18 89 69 635 972
5 18 8 R 0/0/0 4 3 | 51 56 187 6 67 14 2 16 32 1 352 15 80 433 882 1318
4 18 8 R 0/0/0 4 3 | 51 54 197 6 66 14 3 15 27 1 357 14 84 64 522 976
3 18 8 R 0/0/0 4 3 | 53 54 176 9 71 14 3 16 30 1 343 17 86 77 523 3165
2 18 8 R 0/0/0 3 3 | 56 48 193 9 123 14 2 21 33 1 360 20 94 78 553 2842
1 18 8 R 0/0/0 3 4 | 61 60 5855 43 78 43 4 28 52 3 6125 29 106 173 6434 0
RING_END
ARM pc2 run 3
VM0 pswpin=6297 pswpout=13224 pgmajfault=7565 swap_ra=2618 swap_ra_hit=1772 
PAGES 768 resident_after_pageout 184 tries 5
MAJ 2848 1413 1139 1104 1122 1097 1119 1216 1120 1154 1140 1110 1101 2593 1908 1616 1123 2766 1878 1193 1107 1897 1173 1123 1621 1177 1961 1257 1260 1117 1107 1126 1756 1211 1139 1132 1199 1144 1110 1507 1125 1130 1118 1198 1115 1620 1104 1183 1179 1168 1117 2595 1827 1563 1142 1151 1373 1118 1325 1314
MAJOR n=60 min 1097 p50 1173 p90 1908 p99 2848 max 2848 mean 1372 us
MINOR n=13 min 79 p50 128 p90 217 p99 260 max 260 mean 146 us
TOUCHED 60 majflt_delta 60 verify_bad 0
VM1 pswpin=6357 pswpout=13989 pgmajfault=7634 swap_ra=2618 swap_ra_hit=1772 
SDTRACE_BEGIN
ring n=60 med/p90/max us: prep=49/82/476 i2c=55/63/132 c2d=197/223/464 d2x=7/15/27 i2bh=66/95/523 x2bh=14/22/63 bh2st=3/4/5 stophw=18/23/47 stop=32/41/88 st2rd=1/2/5 indrv=361/549/867 rd2po=15/25/42 po2bl=78/115/841 bl2end=64/100/193 total=522/729/1802 gap=1006/1992/2686
since reset n=60 avg us: prep=65 i2c=56 c2d=207 d2x=8 i2bh=78 x2bh=15 bh2st=2 stophw=18 stop=34 st2rd=1 indrv=395 rd2po=17 po2bl=99 bl2end=73 total=586 gap=1228
nirq med 4 max 4 avg_x100 353 nbh med 3 max 3 avg_x100 196
SDTRACE_END
RING_BEGIN
seq op blk RW cpu(sub/bh/blk) nirq nbh | prep i2c c2d d2x i2bh x2bh bh2st stophw stop st2rd indrv rd2po po2bl bl2end total gap  (us, newest first, window 0)
60 18 8 R 0/0/0 4 3 | 54 60 190 6 74 14 3 17 30 1 361 16 84 74 537 2182
59 18 8 R 0/0/0 3 3 | 47 54 177 8 66 12 4 19 34 1 339 13 77 60 491 957
58 18 8 R 0/0/0 4 3 | 47 54 183 5 66 15 3 16 29 1 341 13 74 62 491 911
57 18 8 R 0/0/0 3 3 | 66 72 160 8 108 11 3 23 41 1 366 17 91 67 542 2143
56 18 8 R 0/0/0 3 3 | 56 54 193 5 67 11 3 20 37 1 363 12 75 91 542 900
55 18 8 R 0/0/0 4 3 | 49 55 173 6 71 15 3 16 28 1 333 15 83 62 494 1031
54 18 8 R 0/0/0 4 3 | 226 40 214 9 73 15 3 18 36 2 549 20 84 74 729 1918
53 18 8 R 0/0/0 4 3 | 57 50 210 10 69 17 2 17 32 2 383 15 88 72 559 2521
52 18 8 R 0/0/0 3 3 | 48 54 452 25 65 28 5 26 47 2 665 25 361 108 1159 888
51 18 8 R 0/0/0 4 3 | 48 55 184 7 66 15 2 16 32 1 347 14 75 62 499 953
50 18 8 R 0/0/0 3 3 | 49 54 203 5 66 10 3 17 30 1 359 14 77 74 525 1126
49 18 8 R 0/0/0 4 3 | 47 56 191 5 66 15 2 15 27 1 348 14 75 63 500 982
48 18 8 R 0/0/0 4 3 | 49 54 196 7 65 14 3 19 34 1 362 13 76 100 553 889
47 18 8 R 0/0/0 3 3 | 48 54 193 5 67 13 3 16 30 1 350 13 72 62 499 1392
46 18 8 R 0/0/0 3 3 | 112 57 199 10 82 13 3 20 35 1 435 20 79 79 614 1266
45 18 8 R 0/0/0 3 3 | 48 54 199 5 65 11 3 18 33 1 357 13 77 60 508 891
44 18 8 R 0/0/0 3 3 | 51 56 178 6 65 12 2 16 29 1 337 14 74 62 488 990
43 18 8 R 0/0/0 4 3 | 48 55 196 6 68 14 2 18 32 1 357 13 79 59 510 892
42 18 8 R 0/0/0 4 3 | 49 55 194 5 64 14 2 18 32 1 355 14 74 62 506 902
41 18 8 R 0/0/0 3 3 | 47 54 197 8 67 11 3 17 31 1 355 14 77 59 507 973
40 18 8 R 0/0/0 4 3 | 71 73 182 15 115 16 2 17 35 1 399 23 101 99 624 1660
39 18 8 R 0/0/0 4 3 | 46 54 176 7 65 15 3 17 31 1 338 15 77 62 493 895
38 18 8 R 0/0/0 4 3 | 51 55 204 8 65 14 3 18 32 1 372 15 77 63 528 903
37 18 8 R 0/0/0 3 3 | 130 22 223 5 40 14 3 18 32 1 434 14 73 67 589 888
36 18 8 R 0/0/0 3 3 | 49 55 200 5 67 13 3 19 34 1 363 17 77 64 523 900
35 18 8 R 0/0/0 4 3 | 47 53 201 6 66 14 3 18 35 1 363 15 79 60 518 903
34 18 8 R 0/0/0 3 3 | 53 55 175 8 68 15 3 17 30 1 342 16 80 66 506 1131
33 18 8 R 0/0/0 3 2 | 48 54 464 27 523 51 4 47 88 5 743 42 115 78 980 899
32 18 8 R 0/0/0 3 3 | 49 52 197 6 65 11 3 18 34 1 356 14 74 63 508 896
31 18 8 R 0/0/0 3 3 | 48 55 173 5 66 11 3 18 33 1 333 14 76 61 485 906
30 18 8 R 0/0/0 4 3 | 48 54 197 7 65 14 2 17 32 1 359 15 75 64 513 1192
29 18 8 R 0/0/0 4 3 | 48 55 199 9 65 21 4 17 31 1 372 16 86 121 597 900
seq op blk RW cpu(sub/bh/blk) nirq nbh | prep i2c c2d d2x i2bh x2bh bh2st stophw stop st2rd indrv rd2po po2bl bl2end total gap  (us, newest first, window 32)
28 18 8 R 0/0/0 4 3 | 52 55 200 8 68 14 2 18 36 1 371 13 78 64 528 1229
27 18 8 R 0/0/0 4 3 | 70 66 170 9 83 22 3 20 38 2 383 25 123 94 626 1491
26 18 8 R 0/0/0 3 3 | 53 53 200 9 68 12 2 18 31 1 364 16 82 66 531 1443
25 18 8 R 0/0/0 4 3 | 55 58 188 9 67 14 2 17 31 1 362 20 88 80 551 2372
24 18 8 R 0/0/0 4 3 | 49 55 209 6 65 14 2 17 32 1 371 14 78 61 525 1139
23 18 8 R 0/0/0 4 3 | 49 56 198 7 71 15 2 17 33 1 365 14 75 66 522 1226
22 18 8 R 0/0/0 3 2 | 48 60 453 27 64 24 3 39 63 1 683 33 140 113 970 1006
21 18 8 R 0/0/0 3 3 | 49 55 200 8 66 11 3 18 30 1 361 14 75 63 514 1208
20 18 8 R 0/0/0 4 3 | 52 55 193 6 71 15 3 18 32 1 361 17 79 64 523 1532
19 18 8 R 0/0/0 4 3 | 82 39 215 5 59 18 2 18 33 1 400 20 77 69 568 2686
18 18 8 R 0/0/0 3 3 | 476 63 196 17 126 63 5 25 41 1 867 29 841 65 1802 1009
17 18 8 R 0/0/0 4 3 | 49 54 181 6 68 14 2 17 31 1 342 16 80 64 504 1756
16 18 8 R 0/0/0 3 3 | 62 51 187 9 61 12 2 16 29 1 356 19 86 72 534 1828
15 18 8 R 0/0/0 4 3 | 53 52 198 9 65 16 3 18 33 1 369 18 87 193 668 1992
14 18 8 R 0/0/0 3 3 | 75 71 189 14 95 15 5 19 32 1 404 36 73 80 594 1766
13 18 8 R 0/0/0 4 3 | 48 54 199 6 65 14 2 18 36 1 363 14 75 60 513 1131
12 18 8 R 0/0/0 3 3 | 48 54 176 6 64 13 2 18 34 1 337 14 73 61 486 926
11 18 8 R 0/0/0 3 3 | 48 55 199 5 65 11 2 18 32 1 358 15 78 58 509 891
10 18 8 R 0/0/0 3 3 | 47 56 193 5 64 11 3 17 29 1 349 14 73 59 496 932
9 18 8 R 0/0/0 4 3 | 48 56 199 6 67 14 2 17 31 1 360 15 79 60 515 899
8 18 8 R 0/0/0 3 3 | 53 55 172 9 69 11 2 18 33 1 340 16 77 69 504 1793
7 18 8 R 0/0/0 3 3 | 47 54 193 5 66 12 3 19 37 1 355 13 80 60 510 893
6 18 8 R 0/0/0 4 3 | 47 53 179 5 65 14 3 18 34 1 340 14 75 64 495 1136
5 18 8 R 0/0/0 4 3 | 49 54 199 6 67 15 3 16 29 1 357 15 79 61 514 892
4 18 8 R 0/0/0 3 3 | 49 55 170 8 66 12 3 18 32 1 334 14 75 62 486 922
3 18 8 R 0/0/0 4 3 | 47 55 200 5 68 14 3 18 36 1 365 14 78 62 520 902
2 18 8 R 0/0/0 4 3 | 54 55 294 9 72 14 3 18 32 1 464 17 84 69 636 1950
1 18 8 R 0/0/0 4 3 | 108 132 240 17 158 26 5 28 57 2 591 34 166 147 940 0
RING_END
ARM pc0 run 3
VM0 pswpin=6357 pswpout=13989 pgmajfault=7634 swap_ra=2618 swap_ra_hit=1772 
PAGES 768 resident_after_pageout 346 tries 5
MAJ 7461 1276 1961 1126 1089 1110 1109 1405 1158 1094 1081 1117 1127 1112 771 1192 1134 267 1060 1130 1114 1161 1109 1119 1107 1089 1108 1842 1917 1419 1126 1219 1123 1151 1080 1102 1721 2333 1438 1211 2282 1238 1247 1095 1085 1359 1131 1090 1127 1091 1678 1119 1085 1135 1121 1121 1833 1145 1086 1124
MAJOR n=60 min 267 p50 1126 p90 1842 p99 7461 max 7461 mean 1341 us
MINOR n=55 min 76 p50 118 p90 186 p99 791 max 791 mean 139 us
TOUCHED 60 majflt_delta 60 verify_bad 0
VM1 pswpin=6415 pswpout=14754 pgmajfault=7701 swap_ra=2618 swap_ra_hit=1772 
SDTRACE_BEGIN
ring n=58 med/p90/max us: prep=47/54/86 i2c=54/57/93 c2d=190/199/5889 d2x=6/8/28 i2bh=66/72/96 x2bh=15/16/108 bh2st=3/3/4 stophw=18/19/28 stop=34/37/50 st2rd=1/1/2 indrv=351/380/6129 rd2po=14/18/27 po2bl=78/89/1062 bl2end=63/79/214 total=507/652/6409 gap=1144/2123/2792
since reset n=58 avg us: prep=49 i2c=55 c2d=286 d2x=6 i2bh=67 x2bh=15 bh2st=2 stophw=17 stop=33 st2rd=1 indrv=453 rd2po=14 po2bl=99 bl2end=72 total=642 gap=1332
nirq med 4 max 4 avg_x100 372 nbh med 3 max 4 avg_x100 203
SDTRACE_END
RING_BEGIN
seq op blk RW cpu(sub/bh/blk) nirq nbh | prep i2c c2d d2x i2bh x2bh bh2st stophw stop st2rd indrv rd2po po2bl bl2end total gap  (us, newest first, window 0)
58 18 8 R 0/0/0 4 3 | 45 55 190 5 66 15 3 16 30 1 347 13 74 63 498 1002
57 18 8 R 0/0/0 4 3 | 46 55 188 6 65 14 3 18 36 1 351 14 78 59 503 1113
56 18 8 R 0/0/0 4 3 | 46 56 196 5 70 15 3 16 29 1 355 12 76 63 507 1048
55 18 8 R 0/0/0 3 3 | 77 69 170 9 96 13 4 18 45 2 394 27 115 99 637 1633
54 18 8 R 0/0/0 4 3 | 46 54 191 6 64 16 2 18 36 1 354 13 77 61 506 900
53 18 8 R 0/0/0 4 3 | 52 93 155 5 71 15 2 15 29 1 355 12 78 61 508 885
52 18 8 R 0/0/0 4 3 | 45 54 202 5 65 15 2 17 35 1 364 13 76 62 517 898
51 18 8 R 0/0/0 3 3 | 46 54 179 5 65 13 3 18 37 1 340 13 74 62 491 1325
50 18 8 R 0/0/0 4 3 | 46 55 197 5 65 15 2 15 29 1 353 13 76 67 511 1384
49 18 8 R 0/0/0 4 3 | 86 61 196 6 77 15 2 16 33 1 405 19 78 78 581 1604
48 18 8 R 0/0/0 4 3 | 46 52 176 5 64 15 3 18 36 1 337 13 71 64 487 892
47 18 8 R 0/0/0 4 3 | 46 56 194 6 64 15 3 16 31 1 354 13 76 60 504 891
46 18 8 R 0/0/0 4 3 | 47 56 193 6 65 15 3 16 29 1 352 13 71 65 503 1415
45 18 8 R 0/0/0 4 3 | 46 55 175 5 65 14 3 18 35 1 338 12 76 61 489 1144
44 18 8 R 0/0/0 4 3 | 52 54 174 6 72 15 3 16 30 2 339 16 114 113 583 2449
43 18 8 R 0/0/0 4 3 | 46 54 176 5 64 15 3 16 28 1 332 13 75 59 481 886
42 18 8 R 0/0/0 3 3 | 46 55 189 5 66 11 4 19 36 1 351 13 74 64 503 1349
41 18 8 R 0/0/0 3 3 | 54 58 173 6 75 11 3 19 34 1 345 17 83 73 519 2696
40 18 8 R 0/0/0 3 3 | 53 52 178 6 69 12 3 17 29 2 338 16 83 70 508 1585
39 18 8 R 0/0/0 4 3 | 45 57 190 8 72 14 3 18 34 1 355 15 1062 63 1497 2012
38 18 8 R 0/0/0 4 3 | 51 56 193 8 70 14 3 16 29 1 359 16 83 64 523 1037
37 18 8 R 0/0/0 4 3 | 54 56 197 8 72 14 3 18 31 1 369 17 82 193 663 2072
36 18 8 R 0/0/0 4 3 | 47 54 176 5 68 15 2 18 35 1 339 17 276 79 712 1139
35 18 8 R 0/0/0 3 3 | 50 54 197 6 70 12 3 17 30 1 357 18 82 68 526 2463
34 18 8 R 0/0/0 4 3 | 47 53 181 5 64 17 3 16 30 1 340 14 75 65 495 1198
33 18 8 R 0/0/0 4 3 | 46 54 176 6 64 15 3 17 34 1 337 14 78 59 489 1132
32 18 8 R 0/0/0 4 3 | 47 54 174 5 66 15 3 16 29 1 332 13 74 63 484 1202
31 18 8 R 0/0/0 4 3 | 47 53 191 5 66 16 2 19 37 1 356 14 76 59 506 898
30 18 8 R 0/0/0 4 3 | 52 56 192 6 71 14 2 18 35 1 362 18 81 72 535 2792
29 18 8 R 0/0/0 4 3 | 47 54 196 6 68 15 3 19 37 1 362 13 82 64 522 1193
28 18 8 R 0/0/0 4 3 | 53 55 189 9 73 108 3 28 45 2 466 20 91 74 652 2123
27 18 8 R 0/0/0 4 3 | 67 49 198 9 59 16 2 18 33 1 380 18 84 214 697 1966
seq op blk RW cpu(sub/bh/blk) nirq nbh | prep i2c c2d d2x i2bh x2bh bh2st stophw stop st2rd indrv rd2po po2bl bl2end total gap  (us, newest first, window 32)
26 18 8 R 0/0/0 3 3 | 50 57 179 9 69 11 3 18 35 1 348 16 76 71 511 1470
25 18 8 R 0/0/0 4 3 | 45 53 190 6 66 15 3 18 33 1 350 13 79 59 503 885
24 18 8 R 0/0/0 3 3 | 46 54 188 5 65 12 3 19 33 1 345 14 72 62 495 1128
23 18 8 R 0/0/0 4 3 | 47 54 176 5 65 14 3 19 34 1 338 13 77 63 493 893
22 18 8 R 0/0/0 4 3 | 50 54 180 6 65 14 3 16 30 1 341 13 76 60 491 1163
21 18 8 R 0/0/0 3 3 | 49 54 194 5 66 12 3 17 30 1 352 13 77 60 504 892
20 18 8 R 0/0/0 4 3 | 52 56 182 6 71 14 3 16 30 1 346 16 80 71 515 1900
19 18 8 R 0/0/0 3 3 | 48 54 201 5 63 12 2 18 35 1 361 14 75 64 515 1132
18 18 8 R 0/0/0 4 3 | 48 53 191 5 64 14 2 16 34 1 351 14 74 62 503 903
17 18 8 R 0/0/0 4 3 | 48 53 178 5 66 15 2 16 30 1 335 14 78 60 489 2573
16 18 8 R 0/0/0 3 3 | 46 53 199 5 66 11 3 20 36 2 358 12 79 60 511 1151
15 18 8 R 0/0/0 4 3 | 49 54 199 6 71 15 2 18 35 1 364 15 85 70 535 1902
14 18 8 R 0/0/0 4 3 | 47 55 202 5 63 14 3 18 35 1 366 13 74 62 516 1130
13 18 8 R 0/0/0 4 3 | 44 54 188 5 65 15 3 22 36 1 349 21 80 63 515 891
12 18 8 R 0/0/0 4 3 | 45 54 195 6 64 15 3 17 34 1 356 12 77 59 507 891
11 18 8 R 0/0/0 4 3 | 45 57 170 6 64 15 3 17 30 1 331 13 74 62 481 1138
10 18 8 R 0/0/0 3 3 | 46 54 175 5 64 13 3 18 35 1 336 13 75 61 487 891
9 18 8 R 0/0/0 4 3 | 47 55 193 6 71 15 3 16 29 1 352 16 83 69 521 1523
8 18 8 R 0/0/0 3 3 | 46 55 175 5 65 11 3 17 30 1 331 13 78 60 483 898
7 18 8 R 0/0/0 3 3 | 46 51 194 6 61 13 3 20 35 1 351 13 74 63 501 1649
6 18 8 R 0/0/0 4 3 | 46 56 175 5 65 15 2 18 35 1 339 14 77 60 492 897
5 18 8 R 0/0/0 4 3 | 45 53 179 6 65 14 2 18 32 1 337 15 76 64 493 1351
4 18 8 R 0/0/0 3 3 | 48 55 195 5 65 11 3 18 32 1 354 15 78 61 509 921
3 18 8 R 0/0/0 4 3 | 50 58 168 6 68 14 2 17 30 1 334 16 83 72 506 1724
2 18 8 R 0/0/0 4 3 | 49 55 297 8 68 14 2 16 29 1 459 15 81 64 620 1068
1 18 8 R 0/0/0 3 4 | 64 57 5889 28 80 32 3 27 50 1 6129 22 89 168 6409 0
RING_END
RESTORED page-cluster 2
RUN_DONE
RS_DONE
[2]+  Done(143)                  (trap "kill \"\$__rs_sleep\" 2>/dev/null; wait \"\$__rs_sleep\" 2>/dev/null; exit" TERM INT; sleep 57; ; wait "${__rs_sleep}"; kill -0 ${__rp} 2>/dev/null && echo RS_TIME"K"ILL; kill -9 ${__rp} 2>/dev/null)
[1]+  Done                       sh /tmp/r.sh 2>&1
~ # 
