# glref run: impl=ours name=manywin frame=60 display=:97
# cmd: /src/gl/ref-apps/build/mesa-demos/src/xdemos/manywin 4
# libGL.so.1 resolves to:
#   	libGL.so.1 => /src/gl/out-host/libGL.so.1 (0x0000faa733dc0000)
libGL: context 1 created (pid 1045, comm manywin)
libGL: context 2 created (pid 1045, comm manywin)
libGL: context 3 created (pid 1045, comm manywin)
libGL: context 4 created (pid 1045, comm manywin)
4 windows
0, 0
Name: 0
  Display:     0xac10c6391370
  Window:      0x200002
  Context:     0xac10c639dae0
  GL_VERSION:  1.1 s31-tinygl
  GL_VENDOR:   s31
  GL_RENDERER: Software Rasterizer
100, 0
sharing
Name: 1
  Display:     0xac10c63a8860
  Window:      0x400002
  Context:     0xac10c63b4f00
  GL_VERSION:  1.1 s31-tinygl
  GL_VENDOR:   s31
  GL_RENDERER: Software Rasterizer
200, 0
sharing
Name: 2
  Display:     0xac10c63b6dd0
  Window:      0x600002
  Context:     0xac10c63c4200
  GL_VERSION:  1.1 s31-tinygl
  GL_VENDOR:   s31
  GL_RENDERER: Software Rasterizer
300, 0
sharing
Name: 3
  Display:     0xac10c63c6100
  Window:      0x800002
  Context:     0xac10c63d3390
  GL_VERSION:  1.1 s31-tinygl
  GL_VENDOR:   s31
  GL_RENDERER: Software Rasterizer
glref: ok at swap 60 -> /src/artifacts/gl/f3f6/suite-3/ours/manywin.f60
