# glref run: impl=mesa name=manywin frame=4 display=:93
# cmd: /src/gl/ref-apps/build/mesa-demos/src/xdemos/manywin 4
# libGL.so.1 resolves to:
#   	libGL.so.1 => /lib/aarch64-linux-gnu/libGL.so.1 (0x0000e26808bd0000)
#   	libGLdispatch.so.0 => /lib/aarch64-linux-gnu/libGLdispatch.so.0 (0x0000e26808710000)
#   	libGLX.so.0 => /lib/aarch64-linux-gnu/libGLX.so.0 (0x0000e268086b0000)
4 windows
0, 0
Name: 0
  Display:     0xc3271805ede0
  Window:      0x200002
  Context:     0xc3271810e240
  GL_VERSION:  4.5 (Compatibility Profile) Mesa 25.0.7-2+deb13u1
  GL_VENDOR:   Mesa
  GL_RENDERER: llvmpipe (LLVM 19.1.7, 128 bits)
100, 0
sharing
Name: 1
  Display:     0xc32719cc0500
  Window:      0x400002
  Context:     0xc32719cbf510
  GL_VERSION:  4.5 (Compatibility Profile) Mesa 25.0.7-2+deb13u1
  GL_VENDOR:   Mesa
  GL_RENDERER: llvmpipe (LLVM 19.1.7, 128 bits)
200, 0
sharing
Name: 2
  Display:     0xc3271b828300
  Window:      0x600002
  Context:     0xc3271813ce10
  GL_VERSION:  4.5 (Compatibility Profile) Mesa 25.0.7-2+deb13u1
  GL_VENDOR:   Mesa
  GL_RENDERER: llvmpipe (LLVM 19.1.7, 128 bits)
300, 0
sharing
Name: 3
  Display:     0xc3271d38f5c0
  Window:      0x800002
  Context:     0xc3271964e0e0
  GL_VERSION:  4.5 (Compatibility Profile) Mesa 25.0.7-2+deb13u1
  GL_VENDOR:   Mesa
  GL_RENDERER: llvmpipe (LLVM 19.1.7, 128 bits)
glref: ok at swap 4 -> /src/artifacts/gl/ref-mesa/mesa/manywin.f4
