# glref run: impl=mesa name=manywin frame=20 display=:95
# cmd: /src/gl/ref-apps/build/mesa-demos/src/xdemos/manywin 4
# libGL.so.1 resolves to:
#   	libGL.so.1 => /lib/aarch64-linux-gnu/libGL.so.1 (0x0000ec4dd6af0000)
#   	libGLdispatch.so.0 => /lib/aarch64-linux-gnu/libGLdispatch.so.0 (0x0000ec4dd6630000)
#   	libGLX.so.0 => /lib/aarch64-linux-gnu/libGLX.so.0 (0x0000ec4dd65d0000)
4 windows
0, 0
Name: 0
  Display:     0xb6c79f4a8de0
  Window:      0x200002
  Context:     0xb6c79f558240
  GL_VERSION:  4.5 (Compatibility Profile) Mesa 25.0.7-2+deb13u1
  GL_VENDOR:   Mesa
  GL_RENDERER: llvmpipe (LLVM 19.1.7, 128 bits)
100, 0
sharing
Name: 1
  Display:     0xb6c7a110a580
  Window:      0x400002
  Context:     0xb6c79f586e10
  GL_VERSION:  4.5 (Compatibility Profile) Mesa 25.0.7-2+deb13u1
  GL_VENDOR:   Mesa
  GL_RENDERER: llvmpipe (LLVM 19.1.7, 128 bits)
200, 0
sharing
Name: 2
  Display:     0xb6c7a2c72640
  Window:      0x600002
  Context:     0xb6c7a0a98140
  GL_VERSION:  4.5 (Compatibility Profile) Mesa 25.0.7-2+deb13u1
  GL_VENDOR:   Mesa
  GL_RENDERER: llvmpipe (LLVM 19.1.7, 128 bits)
300, 0
sharing
Name: 3
  Display:     0xb6c7a47d9f00
  Window:      0x800002
  Context:     0xb6c7a41d7720
  GL_VERSION:  4.5 (Compatibility Profile) Mesa 25.0.7-2+deb13u1
  GL_VENDOR:   Mesa
  GL_RENDERER: llvmpipe (LLVM 19.1.7, 128 bits)
glref: ok at swap 20 -> /src/artifacts/gl/ref-mesa/mesa/manywin.f20
