# glref run: impl=mesa name=manywin frame=60 display=:90
# cmd: /src/gl/ref-apps/build/mesa-demos/src/xdemos/manywin 4
# libGL.so.1 resolves to:
#   	libGL.so.1 => /lib/aarch64-linux-gnu/libGL.so.1 (0x0000e99b8bf90000)
#   	libGLdispatch.so.0 => /lib/aarch64-linux-gnu/libGLdispatch.so.0 (0x0000e99b8bad0000)
#   	libGLX.so.0 => /lib/aarch64-linux-gnu/libGLX.so.0 (0x0000e99b8ba70000)
4 windows
0, 0
Name: 0
  Display:     0xb17e960a6de0
  Window:      0x200002
  Context:     0xb17e96156240
  GL_VERSION:  4.5 (Compatibility Profile) Mesa 25.0.7-2+deb13u1
  GL_VENDOR:   Mesa
  GL_RENDERER: llvmpipe (LLVM 19.1.7, 128 bits)
100, 0
sharing
Name: 1
  Display:     0xb17e97d08640
  Window:      0x400002
  Context:     0xb17e96184e10
  GL_VERSION:  4.5 (Compatibility Profile) Mesa 25.0.7-2+deb13u1
  GL_VENDOR:   Mesa
  GL_RENDERER: llvmpipe (LLVM 19.1.7, 128 bits)
200, 0
sharing
Name: 2
  Display:     0xb17e998703c0
  Window:      0x600002
  Context:     0xb17e97696200
  GL_VERSION:  4.5 (Compatibility Profile) Mesa 25.0.7-2+deb13u1
  GL_VENDOR:   Mesa
  GL_RENDERER: llvmpipe (LLVM 19.1.7, 128 bits)
300, 0
sharing
Name: 3
  Display:     0xb17e9b3d7910
  Window:      0x800002
  Context:     0xb17e9add5550
  GL_VERSION:  4.5 (Compatibility Profile) Mesa 25.0.7-2+deb13u1
  GL_VENDOR:   Mesa
  GL_RENDERER: llvmpipe (LLVM 19.1.7, 128 bits)
glref: ok at swap 60 -> /src/artifacts/gl/ref-mesa/mesa/manywin.f60
