# glref run: impl=ours name=manywin frame=60 display=:90
# cmd: /src/gl/ref-apps/build/mesa-demos/src/xdemos/manywin 4
# libGL.so.1 resolves to:
#   	libGL.so.1 => /src/gl/out-host/libGL.so.1 (0x0000f20aa6e90000)
libGL: context 1 created (pid 1437, comm manywin)
libGL: context 2 created (pid 1437, comm manywin)
libGL: context 3 created (pid 1437, comm manywin)
libGL: context 4 created (pid 1437, comm manywin)
4 windows
0, 0
Name: 0
  Display:     0xb0b87c7c3370
  Window:      0x200002
  Context:     0xb0b87c7cfae0
  GL_VERSION:  1.1 s31-tinygl
  GL_VENDOR:   s31
  GL_RENDERER: Software Rasterizer
100, 0
sharing
Name: 1
  Display:     0xb0b87c7dae20
  Window:      0x400002
  Context:     0xb0b87c7e74c0
  GL_VERSION:  1.1 s31-tinygl
  GL_VENDOR:   s31
  GL_RENDERER: Software Rasterizer
200, 0
sharing
Name: 2
  Display:     0xb0b87c7e9720
  Window:      0x600002
  Context:     0xb0b87c7f6a70
  GL_VERSION:  1.1 s31-tinygl
  GL_VENDOR:   s31
  GL_RENDERER: Software Rasterizer
300, 0
sharing
Name: 3
  Display:     0xb0b87c7f8c60
  Window:      0x800002
  Context:     0xb0b87c7fb090
  GL_VERSION:  1.1 s31-tinygl
  GL_VENDOR:   s31
  GL_RENDERER: Software Rasterizer
glref: ok at swap 60 -> /src/artifacts/gl/phase2/suite-fix/ours/manywin.f60
