# glref run: impl=mesa name=p5 frame=2 display=:91
# cmd: /src/gl/out-host/glx_mtex 5
# libGL.so.1 resolves to:
#   	libGL.so.1 => /lib/aarch64-linux-gnu/libGL.so.1 (0x0000f52457180000)
#   	libGLdispatch.so.0 => /lib/aarch64-linux-gnu/libGLdispatch.so.0 (0x0000f52456cc0000)
#   	libGLX.so.0 => /lib/aarch64-linux-gnu/libGLX.so.0 (0x0000f52456c60000)
query ext multitexture 1 combine 1 env_add 1
query units>=2 1
query u1 raster tc 0.600 0.300 0.000 1.000
query u1 tc 0.600 0.300 0.000 1.000
query u0 raster tc 0.200 0.800 0.000 1.000
query bitmap u0 en2d 1 en1d 0 b2 0 b1 9 mode 0x2100 minf 0x2600
query bitmap u1 en2d 1 en1d 0 b2 6 b1 -1 mode 0x2100 minf 0x2600
read bitmap 16 93 8
query u1 raster tc 0.600 0.300 0.000 1.000
query u1 tc 0.600 0.300 0.000 1.000
query u0 raster tc 0.200 0.800 0.000 1.000
query bitmap u0 en2d 0 en1d 0 b2 0 b1 9 mode 0x2100 minf 0x2600
query bitmap u1 en2d 1 en1d 0 b2 6 b1 -1 mode 0x2100 minf 0x2600
read bitmap 156 121 123
query u1 raster tc 0.600 0.300 0.000 1.000
query u1 tc 0.600 0.300 0.000 1.000
query u0 raster tc 0.200 0.800 0.000 1.000
query bitmap u0 en2d 1 en1d 0 b2 0 b1 9 mode 0x2100 minf 0x2600
query bitmap u1 en2d 1 en1d 0 b2 6 b1 -1 mode 0x8570 minf 0x2600
read bitmap 247 154 247
query u1 raster tc 0.600 0.300 0.000 1.000
query u1 tc 0.600 0.300 0.000 1.000
query u0 raster tc 0.200 0.800 0.000 1.000
query bitmap u0 en2d 1 en1d 0 b2 0 b1 9 mode 0x8570 minf 0x2600
query bitmap u1 en2d 1 en1d 0 b2 7 b1 -1 mode 0x104 minf 0x2600
read bitmap 66 255 49
error page: 0x0
glref: ok at swap 2 -> /src/artifacts/gl/phase5/mtex-c/mesa/p5.f2
