# glref run: impl=mesa name=manywin frame=4 display=:95
# cmd: /src/gl/ref-apps/build/mesa-demos/src/xdemos/manywin 4
# libGL.so.1 resolves to:
#   	libGL.so.1 => /lib/aarch64-linux-gnu/libGL.so.1 (0x0000ee1c91960000)
#   	libGLdispatch.so.0 => /lib/aarch64-linux-gnu/libGLdispatch.so.0 (0x0000ee1c914a0000)
#   	libGLX.so.0 => /lib/aarch64-linux-gnu/libGLX.so.0 (0x0000ee1c91440000)
4 windows
0, 0
Name: 0
  Display:     0xbde0fe8e7de0
  Window:      0x200002
  Context:     0xbde0fe997240
  GL_VERSION:  4.5 (Compatibility Profile) Mesa 25.0.7-2+deb13u1
  GL_VENDOR:   Mesa
  GL_RENDERER: llvmpipe (LLVM 19.1.7, 128 bits)
100, 0
sharing
Name: 1
  Display:     0xbde100549600
  Window:      0x400002
  Context:     0xbde100548610
  GL_VERSION:  4.5 (Compatibility Profile) Mesa 25.0.7-2+deb13u1
  GL_VENDOR:   Mesa
  GL_RENDERER: llvmpipe (LLVM 19.1.7, 128 bits)
200, 0
sharing
Name: 2
  Display:     0xbde1020b13e0
  Window:      0x600002
  Context:     0xbde0ffed70d0
  GL_VERSION:  4.5 (Compatibility Profile) Mesa 25.0.7-2+deb13u1
  GL_VENDOR:   Mesa
  GL_RENDERER: llvmpipe (LLVM 19.1.7, 128 bits)
300, 0
sharing
Name: 3
  Display:     0xbde103c18a00
  Window:      0x800002
  Context:     0xbde1036161f0
  GL_VERSION:  4.5 (Compatibility Profile) Mesa 25.0.7-2+deb13u1
  GL_VENDOR:   Mesa
  GL_RENDERER: llvmpipe (LLVM 19.1.7, 128 bits)
glref: ok at swap 4 -> /src/artifacts/gl/mesa-vs-mesa/mesa/manywin.f4
