# glref run: impl=mesa name=manywin frame=20 display=:97
# cmd: /src/gl/ref-apps/build/mesa-demos/src/xdemos/manywin 4
# libGL.so.1 resolves to:
#   	libGL.so.1 => /lib/aarch64-linux-gnu/libGL.so.1 (0x0000f30599570000)
#   	libGLdispatch.so.0 => /lib/aarch64-linux-gnu/libGLdispatch.so.0 (0x0000f305990b0000)
#   	libGLX.so.0 => /lib/aarch64-linux-gnu/libGLX.so.0 (0x0000f30599050000)
4 windows
0, 0
Name: 0
  Display:     0xc67579968de0
  Window:      0x200002
  Context:     0xc67579a18240
  GL_VERSION:  4.5 (Compatibility Profile) Mesa 25.0.7-2+deb13u1
  GL_VENDOR:   Mesa
  GL_RENDERER: llvmpipe (LLVM 19.1.7, 128 bits)
100, 0
sharing
Name: 1
  Display:     0xc6757b5ca1c0
  Window:      0x400002
  Context:     0xc67579a46e10
  GL_VERSION:  4.5 (Compatibility Profile) Mesa 25.0.7-2+deb13u1
  GL_VENDOR:   Mesa
  GL_RENDERER: llvmpipe (LLVM 19.1.7, 128 bits)
200, 0
sharing
Name: 2
  Display:     0xc6757d131fe0
  Window:      0x600002
  Context:     0xc6757cb2f750
  GL_VERSION:  4.5 (Compatibility Profile) Mesa 25.0.7-2+deb13u1
  GL_VENDOR:   Mesa
  GL_RENDERER: llvmpipe (LLVM 19.1.7, 128 bits)
300, 0
sharing
Name: 3
  Display:     0xc6757ec993e0
  Window:      0x800002
  Context:     0xc6757d218db0
  GL_VERSION:  4.5 (Compatibility Profile) Mesa 25.0.7-2+deb13u1
  GL_VENDOR:   Mesa
  GL_RENDERER: llvmpipe (LLVM 19.1.7, 128 bits)
glref: ok at swap 20 -> /src/artifacts/gl/mesa-vs-mesa/mesa/manywin.f20
