# glref run: impl=mesa name=stencilwrap frame=3 display=:90
# cmd: /src/gl/ref-apps/build/mesa-demos/src/tests/stencilwrap -geometry 320x240+0+0
# libGL.so.1 resolves to:
#   	libglut.so.3 => /src/gl/ref-apps/prefix/lib/libglut.so.3 (0x0000fccb99500000)
#   	libGL.so.1 => /lib/aarch64-linux-gnu/libGL.so.1 (0x0000fccb99040000)
#   	libGLdispatch.so.0 => /lib/aarch64-linux-gnu/libGLdispatch.so.0 (0x0000fccb98d40000)
#   	libGLX.so.0 => /lib/aarch64-linux-gnu/libGLX.so.0 (0x0000fccb98ce0000)
GL_RENDERER = llvmpipe (LLVM 19.1.7, 128 bits)
GL_VERSION = 4.5 (Compatibility Profile) Mesa 25.0.7-2+deb13u1
Testing GL_KEEP...
OK!
Testing GL_ZERO...
OK!
Testing GL_REPLACE...
OK!
Testing GL_INCR...
OK!
Testing GL_DECR...
OK!
Testing GL_INVERT...
OK!
Testing GL_INCR_WRAP_EXT...
OK!
Testing GL_DECR_WRAP_EXT...
OK!
glref: stalled at swap 1 -> /src/artifacts/gl/phase4/final-p4apps/mesa/stencilwrap.f3
