# glref run: impl=ours name=manywin frame=4 display=:91
# cmd: /src/gl/ref-apps/build/mesa-demos/src/xdemos/manywin 4
# libGL.so.1 resolves to:
#   	libGL.so.1 => /src/gl/out-host/libGL.so.1 (0x0000f1b5ffa00000)
libGL: context 1 created (pid 1250, comm manywin)
libGL: context 2 created (pid 1250, comm manywin)
libGL: context 3 created (pid 1250, comm manywin)
libGL: context 4 created (pid 1250, comm manywin)
4 windows
0, 0
Name: 0
  Display:     0xb59832f98370
  Window:      0x200002
  Context:     0xb59832fa4ae0
  GL_VERSION:  1.1 s31-tinygl
  GL_VENDOR:   s31
  GL_RENDERER: Software Rasterizer
100, 0
sharing
Name: 1
  Display:     0xb59832fb0580
  Window:      0x400002
  Context:     0xb59832fbcbe0
  GL_VERSION:  1.1 s31-tinygl
  GL_VENDOR:   s31
  GL_RENDERER: Software Rasterizer
200, 0
sharing
Name: 2
  Display:     0xb59832fbf1d0
  Window:      0x600002
  Context:     0xb59832fcc520
  GL_VERSION:  1.1 s31-tinygl
  GL_VENDOR:   s31
  GL_RENDERER: Software Rasterizer
300, 0
sharing
Name: 3
  Display:     0xb59832fceaf0
  Window:      0x800002
  Context:     0xb59832fd0ed0
  GL_VERSION:  1.1 s31-tinygl
  GL_VENDOR:   s31
  GL_RENDERER: Software Rasterizer
glref: ok at swap 4 -> /src/artifacts/gl/phase3a/fix-final/suite/ours/manywin.f4
