# glref run: impl=ours name=manywin frame=60 display=:99
# cmd: /src/gl/ref-apps/build/mesa-demos/src/xdemos/manywin 4
# libGL.so.1 resolves to:
#   	libGL.so.1 => /src/gl/out-host/libGL.so.1 (0x0000f155b3d60000)
libGL: context 1 created (pid 1104, comm manywin)
libGL: context 2 created (pid 1104, comm manywin)
libGL: context 3 created (pid 1104, comm manywin)
libGL: context 4 created (pid 1104, comm manywin)
4 windows
0, 0
Name: 0
  Display:     0xb235e6fb5370
  Window:      0x200002
  Context:     0xb235e6fc1ae0
  GL_VERSION:  1.1 s31-tinygl
  GL_VENDOR:   s31
  GL_RENDERER: Software Rasterizer
100, 0
sharing
Name: 1
  Display:     0xb235e6fcd160
  Window:      0x400002
  Context:     0xb235e6fd97c0
  GL_VERSION:  1.1 s31-tinygl
  GL_VENDOR:   s31
  GL_RENDERER: Software Rasterizer
200, 0
sharing
Name: 2
  Display:     0xb235e6fdb980
  Window:      0x600002
  Context:     0xb235e6fe8f20
  GL_VERSION:  1.1 s31-tinygl
  GL_VENDOR:   s31
  GL_RENDERER: Software Rasterizer
300, 0
sharing
Name: 3
  Display:     0xb235e6feb110
  Window:      0x800002
  Context:     0xb235e6ff8510
  GL_VERSION:  1.1 s31-tinygl
  GL_VENDOR:   s31
  GL_RENDERER: Software Rasterizer
glref: ok at swap 60 -> /src/artifacts/gl/f7/suite/ours/manywin.f60
