== S31GL_THREADS=0
core_test: 292 passed, 0 failed
raster_gate: 51 passed, 0 failed
filt_test: 32 passed, 0 failed
fused_test: 45 passed, 0 failed
fused_test: 45 passed, 0 failed
zepoch: 304 full clears, 128 left the depth memory as it was
34a082d3b0f572e9c952557a71ed7ac1
34a082d3b0f572e9c952557a71ed7ac1
== S31GL_THREADS=1
core_test: 292 passed, 0 failed
raster_gate: 51 passed, 0 failed
filt_test: 32 passed, 0 failed
fused_test: 45 passed, 0 failed
fused_test: 45 passed, 0 failed
zepoch: 304 full clears, 128 left the depth memory as it was
34a082d3b0f572e9c952557a71ed7ac1
34a082d3b0f572e9c952557a71ed7ac1
== S31GL_THREADS=2
core_test: 292 passed, 0 failed
raster_gate: 51 passed, 0 failed
filt_test: 32 passed, 0 failed
fused_test: 45 passed, 0 failed
fused_test: 45 passed, 0 failed
zepoch: 304 full clears, 128 left the depth memory as it was
34a082d3b0f572e9c952557a71ed7ac1
34a082d3b0f572e9c952557a71ed7ac1
