ramtext: 63 sections moved to s31hot_text
ramtext: libGL.so.1: 41208 bytes at 0x50bc0-0x5acb8, 11 pages in RAM, 499 sites (auipc 319, jal 180), 818 table entries; slot 0x67000, displacement +91200; 287 references into the range from outside: 21 data words moved to the copy, 155 cold call sites, 9 cold address-takes, 0 read-only words left
libGL.so.1.unstripped: ramtext_objdump: 12993 instructions in 0x50bc0-0x5acb8; 180 jumps and 319 auipc pairs leave the range, 319 annotated low halves outside; table: 319 auipc, 319 low halves, 180 jal; 0 problems
headless_gears.qemu: ramtext_objdump: 12993 instructions in 0x5d4a0-0x6758c; 180 jumps and 316 auipc pairs leave the range, 316 annotated low halves outside; table: 316 auipc, 316 low halves, 180 jal; 0 problems
headless_gears 320x240x100 S31GL_RAMTEXT=0: rc 0 34a082d3b0f572e9c952557a71ed7ac1 
headless_gears 320x240x100 S31GL_RAMTEXT=1: rc 0 34a082d3b0f572e9c952557a71ed7ac1 libGL: ramtext on: 41196 bytes in 11 pages, 812 fixup entries, 4 entry points, 12 data words, 45056 bytes mlocked
headless_gears: frames identical on/off
core_test: output identical on/off (core_test: 290 passed, 0 failed)
raster_gate: output identical on/off (raster_gate: 51 passed, 0 failed)
d2f_test: output identical on/off (d2f: 49987811 tested, 0 mismatches)
filt_test: output identical on/off (filt_test: 32 passed, 0 failed)
zepoch_test: output identical on/off (zepoch: 304 full clears, 128 left the depth memory as it was)
S31GL_RAMTEXT=0: exit 0, hot-range blocks 179746: XIP 179746, RAM 0 (0.0% in RAM) 
S31GL_RAMTEXT=1: exit 0, hot-range blocks 190783: XIP 6194, RAM 184589 (96.8% in RAM) libGL: ramtext on: 41196 bytes in 11 pages, 812 fixup entries, 4 entry points, 12 data words, 45056 bytes mlocked
       1064 entries into the XIP range: tgl_glVertex4f -> gl_add_op
        209 entries into the XIP range: tgl_glNormal3f -> gl_add_op
         18 entries into the XIP range: tgl_glBegin -> gl_add_op
         18 entries into the XIP range: tgl_glEnd -> gl_add_op
         18 entries into the XIP range: tgl_glRotatef -> gl_add_op
         12 entries into the XIP range: tgl_glPushMatrix -> gl_add_op
         12 entries into the XIP range: tgl_glPopMatrix -> gl_add_op
         10 entries into the XIP range: tgl_glTranslatef -> gl_add_op
          8 entries into the XIP range: tgl_glMatrixMode -> gl_add_op
          8 entries into the XIP range: tgl_glLoadIdentity -> gl_add_op
          6 entries into the XIP range: tgl_glShadeModel -> gl_add_op
          5 entries into the XIP range: tgl_glEnable -> s31_cap_index
ramtext: libGL.so.1: 41208 bytes at 0x4c3a0-0x56498, 11 pages in RAM, 499 sites (auipc 319, jal 180), 818 table entries; slot 0x62000, displacement +89216; 287 references into the range from outside: 21 data words moved to the copy, 155 cold call sites, 9 cold address-takes, 0 read-only words left
sh: 6: cannot open /tmp/d0.ppm: No such file
hg_dyn 320x240x30 S31GL_RAMTEXT=0: rc 132  
Traceback (most recent call last):
  File "<stdin>", line 9, in <module>
ValueError: substring not found
sh: 6: cannot open /tmp/d1.ppm: No such file
hg_dyn 320x240x30 S31GL_RAMTEXT=1: rc 132  
Traceback (most recent call last):
  File "<stdin>", line 9, in <module>
ValueError: substring not found
hg_dyn: frames DIFFER
headless_gears 320x240x100 S31GL_RAMTEXT=0: rc 0 34a082d3b0f572e9c952557a71ed7ac1 
headless_gears 320x240x100 S31GL_RAMTEXT=1: rc 0 34a082d3b0f572e9c952557a71ed7ac1 libGL: ramtext on: 48146 bytes in 13 pages, 389 fixup entries, 4 entry points, 17 data words, 53248 bytes mlocked
headless_gears: frames identical on/off
core_test: output identical on/off (core_test: 292 passed, 0 failed)
raster_gate: output identical on/off (raster_gate: 51 passed, 0 failed)
filt_test: output identical on/off (filt_test: 32 passed, 0 failed)
zepoch_test: output identical on/off (zepoch: 304 full clears, 128 left the depth memory as it was)
