# glref run: impl=mesa name=g2 frame=2 display=:90
# cmd: /src/gl/out-host/glu_check_deb 2
# libGL.so.1 resolves to:
#   	libGL.so.1 => /lib/aarch64-linux-gnu/libGL.so.1 (0x0000f92631970000)
#   	libGLdispatch.so.0 => /lib/aarch64-linux-gnu/libGLdispatch.so.0 (0x0000f92631150000)
#   	libGLX.so.0 => /lib/aarch64-linux-gnu/libGLX.so.0 (0x0000f926310f0000)
300x200 level 0: 256x256
glu gluScaleImage -> 0 sum 710066300
glu gluBuild2DMipmaps 100x60 -> 0 level 0 128x64
glu level 1 64x32
glu level 2 32x16
glu level 3 16x8
glu level 4 8x4
glu level 5 4x2
glu level 6 2x1
glu level 7 1x1
glu gluBuild2DMipmaps 300x200 -> 0
glu gluBuild2DMipmaps 512x512 -> 0, glGetError 0x0, level 0 is the largest allowed: yes
glu gluBuild2DMipmaps 384x384 -> 0, glGetError 0x0, level 0 is the largest allowed: yes
glu gluBuild1DMipmaps 20 -> 0 level 0 width 16
glu gluBuild2DMipmapLevels -> 0
glu project -> 1 124.878 47.471 0.90762
glu unproject -> 1 0.5000 -0.2500 1.0000
glu unproject mid -> 1 -1.0812 1.7224 4.0384
glu mv 0.9885 0.9594 0.9483 -5.4562  pr 1.0723 -1.0339 -1.0169
glu pick hits 2: [1 names 1] [1 names 2]
glu version 1.3
glu error string invalid enumerant / invalid operation
glu check extension 1
glu error after page 2: 0x0
glref: ok at swap 2 -> /src/artifacts/gl/phase3a/final/pixels/mesa/g2.f2
