run-qsr-threads: p5a-nmn: no trace, skipped
run-qsr-threads: p5a-nml: no trace, skipped
run-qsr-threads: p5a-lmn: no trace, skipped
run-qsr-threads: p5a-lin: no trace, skipped
run-qsr-threads: p5a-near: no trace, skipped
run-qsr-threads: p5wide: no trace, skipped
run-qsr-threads p5f2: t2 84 of 84 full frames identical to S31GL_THREADS=0
run-qsr-threads p5f2 t2 window 0: total 39.54, worker 18.65 (47.2%), main 20.89, max 21.23 M/frame; 1398 tri, 35.9 pipe copies, 579 kB ring /frame
run-qsr-threads p5f2 t2 window 1: total 39.88, worker 20.25 (50.8%), main 19.63, max 20.29 M/frame; 701 tri, 33.6 pipe copies, 329 kB ring /frame
run-qsr-threads p5f2: t2b 84 of 84 full frames identical to S31GL_THREADS=0
run-qsr-threads p5f2 t2b window 0: total 39.68, worker 20.59 (51.9%), main 19.08, max 20.97 M/frame; 1631 tri, 36.5 pipe copies, 663 kB ring /frame
run-qsr-threads p5f2 t2b window 1: total 39.97, worker 22.12 (55.4%), main 17.85, max 22.12 M/frame; 794 tri, 34.2 pipe copies, 363 kB ring /frame
run-qsr-threads p5f2 window 0: S31GL_THREADS=0 38.2454 Minsn/frame
run-qsr-threads p5f2 window 1: S31GL_THREADS=0 38.9973 Minsn/frame
run-qsr-threads p5f2-tf0: t2 84 of 84 full frames identical to S31GL_THREADS=0
run-qsr-threads p5f2-tf0 t2 window 0: total 19.00, worker 7.73 (40.7%), main 11.27, max 11.28 M/frame; 1398 tri, 35.9 pipe copies, 579 kB ring /frame
run-qsr-threads p5f2-tf0 t2 window 1: total 17.89, worker 8.53 (47.7%), main 9.36, max 9.37 M/frame; 689 tri, 33.0 pipe copies, 323 kB ring /frame
run-qsr-threads p5f2-tf0: t2b 84 of 84 full frames identical to S31GL_THREADS=0
run-qsr-threads p5f2-tf0 t2b window 0: total 19.14, worker 8.30 (43.4%), main 10.84, max 10.94 M/frame; 1631 tri, 36.5 pipe copies, 663 kB ring /frame
run-qsr-threads p5f2-tf0 t2b window 1: total 17.98, worker 9.05 (50.3%), main 8.93, max 9.17 M/frame; 781 tri, 33.7 pipe copies, 357 kB ring /frame
run-qsr-threads p5f2-tf0 window 0: S31GL_THREADS=0 17.7274 Minsn/frame
run-qsr-threads p5f2-tf0 window 1: S31GL_THREADS=0 17.0444 Minsn/frame
run-qsr-threads p5a: t2 84 of 84 full frames identical to S31GL_THREADS=0
run-qsr-threads p5a t2 window 0: total 38.93, worker 18.28 (46.9%), main 20.65, max 20.95 M/frame; 1398 tri, 35.9 pipe copies, 579 kB ring /frame
run-qsr-threads p5a t2 window 1: total 39.01, worker 19.71 (50.5%), main 19.30, max 19.78 M/frame; 701 tri, 33.6 pipe copies, 329 kB ring /frame
run-qsr-threads p5a: t2b 84 of 84 full frames identical to S31GL_THREADS=0
run-qsr-threads p5a t2b window 0: total 39.07, worker 20.27 (51.9%), main 18.80, max 20.66 M/frame; 1631 tri, 36.5 pipe copies, 663 kB ring /frame
run-qsr-threads p5a t2b window 1: total 39.10, worker 21.65 (55.4%), main 17.45, max 21.65 M/frame; 794 tri, 34.2 pipe copies, 363 kB ring /frame
run-qsr-threads p5a window 0: S31GL_THREADS=0 37.6350 Minsn/frame
run-qsr-threads p5a window 1: S31GL_THREADS=0 38.1276 Minsn/frame
run-qsr-threads p5a-tf0: t2 84 of 84 full frames identical to S31GL_THREADS=0
run-qsr-threads p5a-tf0 t2 window 0: total 18.55, worker 7.44 (40.1%), main 11.11, max 11.11 M/frame; 1398 tri, 35.9 pipe copies, 579 kB ring /frame
run-qsr-threads p5a-tf0 t2 window 1: total 17.35, worker 8.19 (47.2%), main 9.17, max 9.17 M/frame; 689 tri, 33.0 pipe copies, 323 kB ring /frame
run-qsr-threads p5a-tf0: t2b 84 of 84 full frames identical to S31GL_THREADS=0
run-qsr-threads p5a-tf0 t2b window 0: total 18.69, worker 8.07 (43.2%), main 10.62, max 10.72 M/frame; 1631 tri, 36.5 pipe copies, 663 kB ring /frame
run-qsr-threads p5a-tf0 t2b window 1: total 17.44, worker 8.77 (50.3%), main 8.67, max 8.90 M/frame; 781 tri, 33.7 pipe copies, 357 kB ring /frame
run-qsr-threads p5a-tf0 window 0: S31GL_THREADS=0 17.2807 Minsn/frame
run-qsr-threads p5a-tf0 window 1: S31GL_THREADS=0 16.5078 Minsn/frame
