== S31GL_THREADS=0
core_test: 292 passed, 0 failed
raster_gate: 51 passed, 0 failed
filt_test: 32 passed, 0 failed
fused_test: 45 passed, 0 failed
fused_test: 45 passed, 0 failed
zepoch: 304 full clears, 128 left the depth memory as it was
34a082d3b0f572e9c952557a71ed7ac1
34a082d3b0f572e9c952557a71ed7ac1
== S31GL_THREADS=1
core_test: 292 passed, 0 failed
raster_gate: 51 passed, 0 failed
filt_test: 32 passed, 0 failed
fused_test: 45 passed, 0 failed
fused_test: 45 passed, 0 failed
zepoch: 304 full clears, 128 left the depth memory as it was
34a082d3b0f572e9c952557a71ed7ac1
34a082d3b0f572e9c952557a71ed7ac1
== S31GL_THREADS=2
core_test: 292 passed, 0 failed
raster_gate: 51 passed, 0 failed
filt_test: 32 passed, 0 failed
fused_test: 45 passed, 0 failed
fused_test: 45 passed, 0 failed
zepoch: 304 full clears, 128 left the depth memory as it was
34a082d3b0f572e9c952557a71ed7ac1
34a082d3b0f572e9c952557a71ed7ac1
run-threads-host p5f2: t1       84 of       84 full frames identical to S31GL_THREADS=0
run-threads-host p5f2: t1b       84 of       84 full frames identical to S31GL_THREADS=0
run-threads-host p5f2: t2       84 of       84 full frames identical to S31GL_THREADS=0
run-threads-host p5f2-tf0: t1       84 of       84 full frames identical to S31GL_THREADS=0
run-threads-host p5f2-tf0: t1b       84 of       84 full frames identical to S31GL_THREADS=0
run-threads-host p5f2-tf0: t2       84 of       84 full frames identical to S31GL_THREADS=0
run-threads-host p5a: t1       84 of       84 full frames identical to S31GL_THREADS=0
run-threads-host p5a: t1b       84 of       84 full frames identical to S31GL_THREADS=0
run-threads-host p5a: t2       84 of       84 full frames identical to S31GL_THREADS=0
