# glref run: impl=ours name=glxgears_fbconfig frame=20 display=:98
# cmd: /src/gl/ref-apps/build/mesa-demos/src/xdemos/glxgears_fbconfig
# libGL.so.1 resolves to:
#   	libGL.so.1 => /src/gl/out-host/libGL.so.1 (0x0000fbf8b5540000)
libGL: context 1 created (pid 2412, comm glxgears_fbconf)
GLX 1.3 is supported.
GLX_SGIX_fbconfig is not supported.

The following fbconfigs meet the requirements.  The first one will be used.

0x1         TrueColor     16   0   y   .  y    .    5  6  5  0  16  0   0  0  0  0     0     0       .       .
0x3         TrueColor     16   0   y   .  y    .    5  6  5  0  16  0   0  0  0  0     0     0       .       .
0x5         TrueColor     16   0   y   .  y    .    5  6  5  0  16  0   0  0  0  0     0     0       .       .
0x7         TrueColor     16   0   y   .  y    .    5  6  5  0  16  0   0  0  0  0     0     0       .       .
0x9         TrueColor     16   0   y   .  y    .    5  6  5  0  16  0   0  0  0  0     0     0       .       .
0xb         TrueColor     16   0   y   .  y    .    5  6  5  0  16  0   0  0  0  0     0     0       .       .
0xd         TrueColor     16   0   y   .  y    .    5  6  5  0  16  0   0  0  0  0     0     0       .       .
0xf         TrueColor     16   0   y   .  y    .    5  6  5  0  16  0   0  0  0  0     0     0       .       .
0x11        TrueColor     16   0   y   .  y    .    5  6  5  0  16  0   0  0  0  0     0     0       .       .
0x13        TrueColor     16   0   y   .  y    .    5  6  5  0  16  0   0  0  0  0     0     0       .       .
0x15        TrueColor     16   0   y   .  y    .    5  6  5  0  16  8   0  0  0  0     0     0       .       .
0x17        TrueColor     16   0   y   .  y    .    5  6  5  0  16  8   0  0  0  0     0     0       .       .
0x19        TrueColor     16   0   y   .  y    .    5  6  5  0  16  8   0  0  0  0     0     0       .       .
0x1b        TrueColor     16   0   y   .  y    .    5  6  5  0  16  8   0  0  0  0     0     0       .       .
0x1d        TrueColor     16   0   y   .  y    .    5  6  5  0  16  8   0  0  0  0     0     0       .       .
0x1f        TrueColor     16   0   y   .  y    .    5  6  5  0  16  8   0  0  0  0     0     0       .       .
glref: ok at swap 20 -> /src/artifacts/gl/phase3a/p5-final3/suite/ours/glxgears_fbconfig.f20
