# glref run: impl=ours name=manywin frame=4 display=:99
# cmd: /src/gl/ref-apps/build/mesa-demos/src/xdemos/manywin 4
# libGL.so.1 resolves to:
#   	libGL.so.1 => /src/gl/out-host/libGL.so.1 (0x0000ef468b080000)
libGL: context 1 created (pid 1726, comm manywin)
libGL: context 2 created (pid 1726, comm manywin)
libGL: context 3 created (pid 1726, comm manywin)
libGL: context 4 created (pid 1726, comm manywin)
4 windows
0, 0
Name: 0
  Display:     0xc360bde48370
  Window:      0x200002
  Context:     0xc360bde54da0
  GL_VERSION:  1.1 s31-tinygl
  GL_VENDOR:   s31
  GL_RENDERER: Software Rasterizer
100, 0
sharing
Name: 1
  Display:     0xc360bde62840
  Window:      0x400002
  Context:     0xc360bde6f180
  GL_VERSION:  1.1 s31-tinygl
  GL_VENDOR:   s31
  GL_RENDERER: Software Rasterizer
200, 0
sharing
Name: 2
  Display:     0xc360bde724f0
  Window:      0x600002
  Context:     0xc360bde7fe00
  GL_VERSION:  1.1 s31-tinygl
  GL_VENDOR:   s31
  GL_RENDERER: Software Rasterizer
300, 0
sharing
Name: 3
  Display:     0xc360bde83170
  Window:      0x800002
  Context:     0xc360bde90a80
  GL_VERSION:  1.1 s31-tinygl
  GL_VENDOR:   s31
  GL_RENDERER: Software Rasterizer
glref: ok at swap 4 -> /src/artifacts/gl/phase3a/p5-final3/suite/ours/manywin.f4
