# glref run: impl=ours name=manywin frame=60 display=:96
# cmd: /src/gl/ref-apps/build/mesa-demos/src/xdemos/manywin 4
# libGL.so.1 resolves to:
#   	libGL.so.1 => /src/gl/out-host/libGL.so.1 (0x0000ed5b57b70000)
libGL: context 1 created (pid 2032, comm manywin)
libGL: context 2 created (pid 2032, comm manywin)
libGL: context 3 created (pid 2032, comm manywin)
libGL: context 4 created (pid 2032, comm manywin)
4 windows
0, 0
Name: 0
  Display:     0xc3e3b6904370
  Window:      0x200002
  Context:     0xc3e3b6910da0
  GL_VERSION:  1.1 s31-tinygl
  GL_VENDOR:   s31
  GL_RENDERER: Software Rasterizer
100, 0
sharing
Name: 1
  Display:     0xc3e3b691e880
  Window:      0x400002
  Context:     0xc3e3b692b180
  GL_VERSION:  1.1 s31-tinygl
  GL_VENDOR:   s31
  GL_RENDERER: Software Rasterizer
200, 0
sharing
Name: 2
  Display:     0xc3e3b692e4f0
  Window:      0x600002
  Context:     0xc3e3b693be00
  GL_VERSION:  1.1 s31-tinygl
  GL_VENDOR:   s31
  GL_RENDERER: Software Rasterizer
300, 0
sharing
Name: 3
  Display:     0xc3e3b693f170
  Window:      0x800002
  Context:     0xc3e3b694ca80
  GL_VERSION:  1.1 s31-tinygl
  GL_VENDOR:   s31
  GL_RENDERER: Software Rasterizer
glref: ok at swap 60 -> /src/artifacts/gl/phase3a/p5-final3/suite/ours/manywin.f60
