# glref run: impl=mesa name=r6 frame=2 display=:97
# cmd: /src/gl/out-host/glx_raster 6
# libGL.so.1 resolves to:
#   	libGLU.so.1 => /src/gl/ref-apps/prefix/lib/libGLU.so.1 (0x0000f427c6660000)
#   	libGL.so.1 => /lib/aarch64-linux-gnu/libGL.so.1 (0x0000f427c6560000)
#   	libGLdispatch.so.0 => /lib/aarch64-linux-gnu/libGLdispatch.so.0 (0x0000f427c5d40000)
#   	libGLX.so.0 => /lib/aarch64-linux-gnu/libGLX.so.0 (0x0000f427c5ce0000)
error after 64x64 RGBA: 0x0
query 64x64 level 0: 64x64 fmt 0x1908 red yes alpha yes
error after glTexSubImage2D: 0x0
error after glTexSubImage2D outside the image (INVALID_VALUE): 0x501
error after glTexSubImage2D of a missing level (INVALID_OPERATION): 0x502
query mip 8x8 level 1: 4x4 fmt 0x1907 red yes alpha no
query mip 8x8 level 3: 1x1 fmt 0x1907 red yes alpha no
query mip 8x8 level 4: 0x0 fmt 0x1908 red no alpha no
gluBuild2DMipmaps -> 0
query glu 100x60 level 0: 128x64 fmt 0x1907 red yes alpha no
error after 512x512 glTexImage2D: 0x0
query proxy 256 level 0: 256x256 fmt 0x1907 red yes alpha no
query proxy 128x32 level 0: 128x32 fmt 0x1908 red yes alpha yes
query alpha 16 level 0: 16x16 fmt 0x1906 red no alpha yes
query luminance 16 level 0: 16x16 fmt 0x1909 red no alpha no
error after the queries: 0x0
error after the frame: 0x0
glref: ok at swap 2 -> /src/artifacts/gl/f3f6/raster/mesa/r6.f2
