# glref run: impl=ours name=manywin frame=20 display=:98
# cmd: /src/gl/ref-apps/build/mesa-demos/src/xdemos/manywin 4
# libGL.so.1 resolves to:
#   	libGL.so.1 => /src/gl/out-host/libGL.so.1 (0x0000e96e6e3c0000)
libGL: context 1 created (pid 1079, comm manywin)
libGL: context 2 created (pid 1079, comm manywin)
libGL: context 3 created (pid 1079, comm manywin)
libGL: context 4 created (pid 1079, comm manywin)
4 windows
0, 0
Name: 0
  Display:     0xbff5d4105370
  Window:      0x200002
  Context:     0xbff5d4111ae0
  GL_VERSION:  1.1 s31-tinygl
  GL_VENDOR:   s31
  GL_RENDERER: Software Rasterizer
100, 0
sharing
Name: 1
  Display:     0xbff5d411c8e0
  Window:      0x400002
  Context:     0xbff5d4128f40
  GL_VERSION:  1.1 s31-tinygl
  GL_VENDOR:   s31
  GL_RENDERER: Software Rasterizer
200, 0
sharing
Name: 2
  Display:     0xbff5d412ae70
  Window:      0x600002
  Context:     0xbff5d4138260
  GL_VERSION:  1.1 s31-tinygl
  GL_VENDOR:   s31
  GL_RENDERER: Software Rasterizer
300, 0
sharing
Name: 3
  Display:     0xbff5d413a140
  Window:      0x800002
  Context:     0xbff5d4147410
  GL_VERSION:  1.1 s31-tinygl
  GL_VENDOR:   s31
  GL_RENDERER: Software Rasterizer
glref: ok at swap 20 -> /src/artifacts/gl/f3f6/suite-final/ours/manywin.f20
