# glref run: impl=ours name=manywin frame=4 display=:93
# cmd: /src/gl/ref-apps/build/mesa-demos/src/xdemos/manywin 4
# libGL.so.1 resolves to:
#   	libGL.so.1 => /src/gl/out-host/libGL.so.1 (0x0000ee60c0e90000)
libGL: context 1 created (pid 1056, comm manywin)
libGL: context 2 created (pid 1056, comm manywin)
libGL: context 3 created (pid 1056, comm manywin)
libGL: context 4 created (pid 1056, comm manywin)
4 windows
0, 0
Name: 0
  Display:     0xabb0ed3a1370
  Window:      0x200002
  Context:     0xabb0ed3adae0
  GL_VERSION:  1.1 s31-tinygl
  GL_VENDOR:   s31
  GL_RENDERER: Software Rasterizer
100, 0
sharing
Name: 1
  Display:     0xabb0ed3b88e0
  Window:      0x400002
  Context:     0xabb0ed3c4f40
  GL_VERSION:  1.1 s31-tinygl
  GL_VENDOR:   s31
  GL_RENDERER: Software Rasterizer
200, 0
sharing
Name: 2
  Display:     0xabb0ed3c6e70
  Window:      0x600002
  Context:     0xabb0ed3d4260
  GL_VERSION:  1.1 s31-tinygl
  GL_VENDOR:   s31
  GL_RENDERER: Software Rasterizer
300, 0
sharing
Name: 3
  Display:     0xabb0ed3d6180
  Window:      0x800002
  Context:     0xabb0ed3e3410
  GL_VERSION:  1.1 s31-tinygl
  GL_VENDOR:   s31
  GL_RENDERER: Software Rasterizer
glref: ok at swap 4 -> /src/artifacts/gl/f3f6/suite-final/ours/manywin.f4
