# glref run: impl=ours name=manywin frame=20 display=:97
# cmd: /src/gl/ref-apps/build/mesa-demos/src/xdemos/manywin 4
# libGL.so.1 resolves to:
#   	libGL.so.1 => /src/gl/out-host/libGL.so.1 (0x0000fe6d14f60000)
libGL: context 1 created (pid 1296, comm manywin)
libGL: context 2 created (pid 1296, comm manywin)
libGL: context 3 created (pid 1296, comm manywin)
libGL: context 4 created (pid 1296, comm manywin)
4 windows
0, 0
Name: 0
  Display:     0xc74ff0b55370
  Window:      0x200002
  Context:     0xc74ff0b61ae0
  GL_VERSION:  1.1 s31-tinygl
  GL_VENDOR:   s31
  GL_RENDERER: Software Rasterizer
100, 0
sharing
Name: 1
  Display:     0xc74ff0b6d3a0
  Window:      0x400002
  Context:     0xc74ff0b79a00
  GL_VERSION:  1.1 s31-tinygl
  GL_VENDOR:   s31
  GL_RENDERER: Software Rasterizer
200, 0
sharing
Name: 2
  Display:     0xc74ff0b7bf00
  Window:      0x600002
  Context:     0xc74ff0b89250
  GL_VERSION:  1.1 s31-tinygl
  GL_VENDOR:   s31
  GL_RENDERER: Software Rasterizer
300, 0
sharing
Name: 3
  Display:     0xc74ff0b8b730
  Window:      0x800002
  Context:     0xc74ff0b98a60
  GL_VERSION:  1.1 s31-tinygl
  GL_VENDOR:   s31
  GL_RENDERER: Software Rasterizer
glref: ok at swap 20 -> /src/artifacts/gl/phase3a/final/suite/ours/manywin.f20
