# glref run: impl=ours name=manywin frame=4 display=:96
# cmd: /src/gl/ref-apps/build/mesa-demos/src/xdemos/manywin 4
# libGL.so.1 resolves to:
#   	libGL.so.1 => /src/gl/out-host/libGL.so.1 (0x0000e707c95d0000)
libGL: context 1 created (pid 1276, comm manywin)
libGL: context 2 created (pid 1276, comm manywin)
libGL: context 3 created (pid 1276, comm manywin)
libGL: context 4 created (pid 1276, comm manywin)
4 windows
0, 0
Name: 0
  Display:     0xb2a0552d3370
  Window:      0x200002
  Context:     0xb2a0552dfae0
  GL_VERSION:  1.1 s31-tinygl
  GL_VENDOR:   s31
  GL_RENDERER: Software Rasterizer
100, 0
sharing
Name: 1
  Display:     0xb2a0552eb3a0
  Window:      0x400002
  Context:     0xb2a0552f7a00
  GL_VERSION:  1.1 s31-tinygl
  GL_VENDOR:   s31
  GL_RENDERER: Software Rasterizer
200, 0
sharing
Name: 2
  Display:     0xb2a0552f9f00
  Window:      0x600002
  Context:     0xb2a055307250
  GL_VERSION:  1.1 s31-tinygl
  GL_VENDOR:   s31
  GL_RENDERER: Software Rasterizer
300, 0
sharing
Name: 3
  Display:     0xb2a055309730
  Window:      0x800002
  Context:     0xb2a055316a60
  GL_VERSION:  1.1 s31-tinygl
  GL_VENDOR:   s31
  GL_RENDERER: Software Rasterizer
glref: ok at swap 4 -> /src/artifacts/gl/phase3a/final/suite/ours/manywin.f4
